Archive member included because of file (symbol)

/home/heng/Software/GCC/gcc-arm-none-eabi-4_7-2013q1/bin/../lib/gcc/arm-none-eabi/4.7.3/../../../../arm-none-eabi/lib/armv7-m/libg.a(lib_a-errno.o)
                              ./system/src/newlib/_sbrk.o (__errno)
/home/heng/Software/GCC/gcc-arm-none-eabi-4_7-2013q1/bin/../lib/gcc/arm-none-eabi/4.7.3/../../../../arm-none-eabi/lib/armv7-m/libg.a(lib_a-fputs.o)
                              ./src/main.o (fputs)
/home/heng/Software/GCC/gcc-arm-none-eabi-4_7-2013q1/bin/../lib/gcc/arm-none-eabi/4.7.3/../../../../arm-none-eabi/lib/armv7-m/libg.a(lib_a-fvwrite.o)
                              /home/heng/Software/GCC/gcc-arm-none-eabi-4_7-2013q1/bin/../lib/gcc/arm-none-eabi/4.7.3/../../../../arm-none-eabi/lib/armv7-m/libg.a(lib_a-fputs.o) (__sfvwrite_r)
/home/heng/Software/GCC/gcc-arm-none-eabi-4_7-2013q1/bin/../lib/gcc/arm-none-eabi/4.7.3/../../../../arm-none-eabi/lib/armv7-m/libg.a(lib_a-impure.o)
                              ./src/main.o (_impure_ptr)
/home/heng/Software/GCC/gcc-arm-none-eabi-4_7-2013q1/bin/../lib/gcc/arm-none-eabi/4.7.3/../../../../arm-none-eabi/lib/armv7-m/libg.a(lib_a-mallocr.o)
                              /home/heng/Software/GCC/gcc-arm-none-eabi-4_7-2013q1/bin/../lib/gcc/arm-none-eabi/4.7.3/../../../../arm-none-eabi/lib/armv7-m/libg.a(lib_a-fvwrite.o) (_malloc_r)
/home/heng/Software/GCC/gcc-arm-none-eabi-4_7-2013q1/bin/../lib/gcc/arm-none-eabi/4.7.3/../../../../arm-none-eabi/lib/armv7-m/libg.a(lib_a-memchr.o)
                              /home/heng/Software/GCC/gcc-arm-none-eabi-4_7-2013q1/bin/../lib/gcc/arm-none-eabi/4.7.3/../../../../arm-none-eabi/lib/armv7-m/libg.a(lib_a-fvwrite.o) (memchr)
/home/heng/Software/GCC/gcc-arm-none-eabi-4_7-2013q1/bin/../lib/gcc/arm-none-eabi/4.7.3/../../../../arm-none-eabi/lib/armv7-m/libg.a(lib_a-memcpy.o)
                              /home/heng/Software/GCC/gcc-arm-none-eabi-4_7-2013q1/bin/../lib/gcc/arm-none-eabi/4.7.3/../../../../arm-none-eabi/lib/armv7-m/libg.a(lib_a-fvwrite.o) (memcpy)
/home/heng/Software/GCC/gcc-arm-none-eabi-4_7-2013q1/bin/../lib/gcc/arm-none-eabi/4.7.3/../../../../arm-none-eabi/lib/armv7-m/libg.a(lib_a-memmove.o)
                              /home/heng/Software/GCC/gcc-arm-none-eabi-4_7-2013q1/bin/../lib/gcc/arm-none-eabi/4.7.3/../../../../arm-none-eabi/lib/armv7-m/libg.a(lib_a-fvwrite.o) (memmove)
/home/heng/Software/GCC/gcc-arm-none-eabi-4_7-2013q1/bin/../lib/gcc/arm-none-eabi/4.7.3/../../../../arm-none-eabi/lib/armv7-m/libg.a(lib_a-mlock.o)
                              /home/heng/Software/GCC/gcc-arm-none-eabi-4_7-2013q1/bin/../lib/gcc/arm-none-eabi/4.7.3/../../../../arm-none-eabi/lib/armv7-m/libg.a(lib_a-mallocr.o) (__malloc_lock)
/home/heng/Software/GCC/gcc-arm-none-eabi-4_7-2013q1/bin/../lib/gcc/arm-none-eabi/4.7.3/../../../../arm-none-eabi/lib/armv7-m/libg.a(lib_a-puts.o)
                              ./src/main.o (puts)
/home/heng/Software/GCC/gcc-arm-none-eabi-4_7-2013q1/bin/../lib/gcc/arm-none-eabi/4.7.3/../../../../arm-none-eabi/lib/armv7-m/libg.a(lib_a-reallocr.o)
                              /home/heng/Software/GCC/gcc-arm-none-eabi-4_7-2013q1/bin/../lib/gcc/arm-none-eabi/4.7.3/../../../../arm-none-eabi/lib/armv7-m/libg.a(lib_a-fvwrite.o) (_realloc_r)
/home/heng/Software/GCC/gcc-arm-none-eabi-4_7-2013q1/bin/../lib/gcc/arm-none-eabi/4.7.3/../../../../arm-none-eabi/lib/armv7-m/libg.a(lib_a-sbrkr.o)
                              /home/heng/Software/GCC/gcc-arm-none-eabi-4_7-2013q1/bin/../lib/gcc/arm-none-eabi/4.7.3/../../../../arm-none-eabi/lib/armv7-m/libg.a(lib_a-mallocr.o) (_sbrk_r)
/home/heng/Software/GCC/gcc-arm-none-eabi-4_7-2013q1/bin/../lib/gcc/arm-none-eabi/4.7.3/../../../../arm-none-eabi/lib/armv7-m/libg.a(lib_a-strlen.o)
                              ./system/src/diag/Trace.o (strlen)
/home/heng/Software/GCC/gcc-arm-none-eabi-4_7-2013q1/bin/../lib/gcc/arm-none-eabi/4.7.3/../../../../arm-none-eabi/lib/armv7-m/libg.a(lib_a-vsnprintf.o)
                              ./system/src/diag/Trace.o (vsnprintf)
/home/heng/Software/GCC/gcc-arm-none-eabi-4_7-2013q1/bin/../lib/gcc/arm-none-eabi/4.7.3/../../../../arm-none-eabi/lib/armv7-m/libg.a(lib_a-wsetup.o)
                              /home/heng/Software/GCC/gcc-arm-none-eabi-4_7-2013q1/bin/../lib/gcc/arm-none-eabi/4.7.3/../../../../arm-none-eabi/lib/armv7-m/libg.a(lib_a-fvwrite.o) (__swsetup_r)
/home/heng/Software/GCC/gcc-arm-none-eabi-4_7-2013q1/bin/../lib/gcc/arm-none-eabi/4.7.3/../../../../arm-none-eabi/lib/armv7-m/libg.a(lib_a-fflush.o)
                              /home/heng/Software/GCC/gcc-arm-none-eabi-4_7-2013q1/bin/../lib/gcc/arm-none-eabi/4.7.3/../../../../arm-none-eabi/lib/armv7-m/libg.a(lib_a-fvwrite.o) (_fflush_r)
/home/heng/Software/GCC/gcc-arm-none-eabi-4_7-2013q1/bin/../lib/gcc/arm-none-eabi/4.7.3/../../../../arm-none-eabi/lib/armv7-m/libg.a(lib_a-findfp.o)
[...]
Memory Configuration

Name             Origin             Length             Attributes
RAM              0x20000000         0x00005000         xrw
CCMRAM           0x00000000         0x00000000         xrw
FLASH            0x08000000         0x00020000         xr
FLASHB1          0x00000000         0x00000000         xr
EXTMEMB0         0x00000000         0x00000000         xr
EXTMEMB1         0x00000000         0x00000000         xr
EXTMEMB2         0x00000000         0x00000000         xr
EXTMEMB3         0x00000000         0x00000000         xr
MEMORY_ARRAY     0x00000000         0x00000000         xrw
*default*        0x00000000         0xffffffff

Linker script and memory map

LOAD ./system/src/stm32f1-stdperiph/misc.o
LOAD ./system/src/stm32f1-stdperiph/stm32f10x_gpio.o
LOAD ./system/src/stm32f1-stdperiph/stm32f10x_rcc.o
LOAD ./system/src/newlib/_exit.o
LOAD ./system/src/newlib/_sbrk.o
LOAD ./system/src/newlib/_startup.o
LOAD ./system/src/newlib/_syscalls.o
LOAD ./system/src/newlib/assert.o
LOAD ./system/src/diag/Trace.o
LOAD ./system/src/diag/trace_impl.o
LOAD ./system/src/cortexm/_initialize_hardware.o
LOAD ./system/src/cortexm/_reset_hardware.o
LOAD ./system/src/cortexm/exception_handlers.o
LOAD ./system/src/cmsis/system_stm32f10x.o
LOAD ./system/src/cmsis/vectors_stm32f10x.o
LOAD ./src/BlinkLed.o
LOAD ./src/Timer.o
LOAD ./src/_write.o
LOAD ./src/main.o
LOAD /home/heng/Software/GCC/gcc-arm-none-eabi-4_7-2013q1/bin/../lib/gcc/arm-none-eabi/4.7.3/../../../../arm-none-eabi/lib/armv7-m/libstdc++.a
LOAD /home/heng/Software/GCC/gcc-arm-none-eabi-4_7-2013q1/bin/../lib/gcc/arm-none-eabi/4.7.3/../../../../arm-none-eabi/lib/armv7-m/libm.a
START GROUP
LOAD /home/heng/Software/GCC/gcc-arm-none-eabi-4_7-2013q1/bin/../lib/gcc/arm-none-eabi/4.7.3/armv7-m/libgcc.a
LOAD /home/heng/Software/GCC/gcc-arm-none-eabi-4_7-2013q1/bin/../lib/gcc/arm-none-eabi/4.7.3/../../../../arm-none-eabi/lib/armv7-m/libg.a
LOAD /home/heng/Software/GCC/gcc-arm-none-eabi-4_7-2013q1/bin/../lib/gcc/arm-none-eabi/4.7.3/../../../../arm-none-eabi/lib/armv7-m/libc.a
END GROUP
                0x20005000                __stack = (ORIGIN (RAM) + 0x5000)
                0x20005000                _estack = __stack
                0x00000400                __Main_Stack_Size = 0x400
                0x00000400                PROVIDE (_Main_Stack_Size, __Main_Stack_Size)
                0x20004c00                __Main_Stack_Limit = (__stack - __Main_Stack_Size)
                0x20004c00                PROVIDE (_Main_Stack_Limit, __Main_Stack_Limit)
                0x00000100                _Minimum_Stack_Size = 0x100
                0x20000964                PROVIDE (_Heap_Begin, _end_noinit)
                0x20004c00                PROVIDE (_Heap_Limit, (__stack - __Main_Stack_Size))

.isr_vector     0x08000000      0x2a4
                0x08000000                . = ALIGN (0x4)
 *(.isr_vector)
 .isr_vector    0x08000000      0x10c ./system/src/cmsis/vectors_stm32f10x.o
                0x08000000                __isr_vectors
 *(.cfmconfig)
 *(.after_vectors .after_vectors.*)
 .after_vectors
                0x0800010c      0x168 ./system/src/newlib/_startup.o
                0x0800010c                _start
 .after_vectors
                0x08000274       0x2c ./system/src/cortexm/exception_handlers.o
                0x08000274                Reset_Handler
                0x0800027c                NMI_Handler
                0x08000280                HardFault_Handler
                0x08000284                MemManage_Handler
                0x08000288                BusFault_Handler
                0x0800028c                UsageFault_Handler
                0x08000290                SVC_Handler
                0x08000294                DebugMon_Handler
                0x08000298                PendSV_Handler
 .after_vectors
                0x080002a0        0x4 ./system/src/cmsis/vectors_stm32f10x.o
                0x080002a0                EXTI2_IRQHandler
                0x080002a0                TIM8_TRG_COM_IRQHandler
                0x080002a0                TIM8_CC_IRQHandler
                0x080002a0                TIM1_CC_IRQHandler
                0x080002a0                TIM6_IRQHandler
                0x080002a0                PVD_IRQHandler
                0x080002a0                SDIO_IRQHandler
                0x080002a0                CAN2_RX1_IRQHandler
                0x080002a0                EXTI3_IRQHandler
                0x080002a0                TIM8_TRG_COM_TIM14_IRQHandler
                0x080002a0                TIM1_UP_TIM10_IRQHandler
                0x080002a0                TIM8_UP_TIM13_IRQHandler
                0x080002a0                EXTI0_IRQHandler
                0x080002a0                I2C2_EV_IRQHandler
                0x080002a0                CAN1_RX0_IRQHandler
                0x080002a0                TIM1_UP_TIM16_IRQHandler
                0x080002a0                CAN2_SCE_IRQHandler
                0x080002a0                ADC1_2_IRQHandler
                0x080002a0                SPI1_IRQHandler
                0x080002a0                TAMPER_IRQHandler
                0x080002a0                TIM6_DAC_IRQHandler
                0x080002a0                TIM1_BRK_TIM9_IRQHandler
                0x080002a0                CAN2_RX0_IRQHandler
                0x080002a0                TIM8_UP_IRQHandler
                0x080002a0                DMA2_Channel2_IRQHandler
                0x080002a0                DMA1_Channel4_IRQHandler
                0x080002a0                USART3_IRQHandler
                0x080002a0                RTC_IRQHandler
                0x080002a0                DMA1_Channel7_IRQHandler
                0x080002a0                CAN1_RX1_IRQHandler
                0x080002a0                UART5_IRQHandler
                0x080002a0                ADC3_IRQHandler
                0x080002a0                TIM4_IRQHandler
                0x080002a0                DMA2_Channel1_IRQHandler
                0x080002a0                I2C1_EV_IRQHandler
                0x080002a0                DMA1_Channel6_IRQHandler
                0x080002a0                UART4_IRQHandler
                0x080002a0                DMA2_Channel4_IRQHandler
                0x080002a0                TIM3_IRQHandler
                0x080002a0                RCC_IRQHandler
                0x080002a0                TIM8_BRK_TIM12_IRQHandler
                0x080002a0                TIM1_TRG_COM_IRQHandler
                0x080002a0                DMA1_Channel1_IRQHandler
                0x080002a0                Default_Handler
                0x080002a0                CEC_IRQHandler
                0x080002a0                EXTI15_10_IRQHandler
                0x080002a0                TIM14_IRQHandler
                0x080002a0                TIM13_IRQHandler
                0x080002a0                TIM12_IRQHandler
                0x080002a0                TIM7_IRQHandler
                0x080002a0                CAN2_TX_IRQHandler
                0x080002a0                TIM5_IRQHandler
                0x080002a0                EXTI9_5_IRQHandler
                0x080002a0                ETH_WKUP_IRQHandler
                0x080002a0                SPI2_IRQHandler
                0x080002a0                CAN1_TX_IRQHandler
                0x080002a0                DMA2_Channel5_IRQHandler
                0x080002a0                DMA1_Channel5_IRQHandler
                0x080002a0                EXTI4_IRQHandler
                0x080002a0                USB_LP_CAN1_RX0_IRQHandler
                0x080002a0                TIM1_TRG_COM_TIM17_IRQHandler
                0x080002a0                USB_HP_CAN1_TX_IRQHandler
                0x080002a0                DMA1_Channel3_IRQHandler
                0x080002a0                FSMC_IRQHandler
                0x080002a0                ETH_IRQHandler
                0x080002a0                TIM1_UP_IRQHandler
                0x080002a0                WWDG_IRQHandler
                0x080002a0                TIM2_IRQHandler
                0x080002a0                OTG_FS_WKUP_IRQHandler
                0x080002a0                TIM1_TRG_COM_TIM11_IRQHandler
                0x080002a0                TIM1_BRK_IRQHandler
                0x080002a0                EXTI1_IRQHandler
                0x080002a0                RTCAlarm_IRQHandler
                0x080002a0                DMA2_Channel4_5_IRQHandler
                0x080002a0                USART2_IRQHandler
                0x080002a0                I2C2_ER_IRQHandler
                0x080002a0                DMA1_Channel2_IRQHandler
                0x080002a0                TIM8_BRK_IRQHandler
                0x080002a0                CAN1_SCE_IRQHandler
                0x080002a0                FLASH_IRQHandler
                0x080002a0                USART1_IRQHandler
                0x080002a0                OTG_FS_IRQHandler
                0x080002a0                SPI3_IRQHandler
                0x080002a0                I2C1_ER_IRQHandler
                0x080002a0                USBWakeUp_IRQHandler
                0x080002a0                DMA2_Channel3_IRQHandler
                0x080002a0                TIM1_BRK_TIM15_IRQHandler
                0x080002a4                . = ALIGN (0x4)

.inits          0x080002a4        0x0
                0x080002a4                . = ALIGN (0x4)
 *(.init)
 *(.fini)
                0x080002a4                . = ALIGN (0x4)
                0x080002a4                PROVIDE (__preinit_array_start, .)
 *(.preinit_array_sysinit .preinit_array_sysinit.*)
 *(.preinit_array_platform .preinit_array_platform.*)
 *(.preinit_array .preinit_array.*)
                0x080002a4                PROVIDE (__preinit_array_end, .)
                0x080002a4                . = ALIGN (0x4)
                0x080002a4                PROVIDE (__init_array_start, .)
 *(SORT(.init_array.*))
 *(.init_array)
                0x080002a4                PROVIDE (__init_array_end, .)
                0x080002a4                . = ALIGN (0x4)
                0x080002a4                PROVIDE (__fini_array_start, .)
 *(SORT(.fini_array.*))
 *(.fini_array)
                0x080002a4                PROVIDE (__fini_array_end, .)
                0x080002a4                . = ALIGN (0x4)

.flashtext      0x080002a4        0x0
                0x080002a4                . = ALIGN (0x4)
 *(.flashtext .flashtext.*)
                0x080002a4                . = ALIGN (0x4)

.text           0x080002a8     0x71a0
                0x080002a8                . = ALIGN (0x4)
 *(.text .text.*)
 .text.GPIO_Init
                0x080002a8      0x15c ./system/src/stm32f1-stdperiph/stm32f10x_gpio.o
                0x080002a8                GPIO_Init
 .text.GPIO_SetBits
                0x08000404       0x80 ./system/src/stm32f1-stdperiph/stm32f10x_gpio.o
                0x08000404                GPIO_SetBits
 .text.GPIO_ResetBits
                0x08000484       0x80 ./system/src/stm32f1-stdperiph/stm32f10x_gpio.o
                0x08000484                GPIO_ResetBits
 .text.RCC_APB2PeriphClockCmd
                0x08000504       0x5c ./system/src/stm32f1-stdperiph/stm32f10x_rcc.o
                0x08000504                RCC_APB2PeriphClockCmd
 .text._exit    0x08000560        0x4 ./system/src/newlib/_exit.o
                0x08000560                _exit
 .text.abort    0x08000564       0x14 ./system/src/newlib/_exit.o
                0x08000564                abort
 .text._sbrk    0x08000578       0x5c ./system/src/newlib/_sbrk.o
                0x08000578                _sbrk
 .text.__initialize_args
                0x080005d4       0x10 ./system/src/newlib/_syscalls.o
                0x080005d4                __initialize_args
 .text._close   0x080005e4       0x10 ./system/src/newlib/_syscalls.o
                0x080005e4                _close
 .text._fstat   0x080005f4       0x10 ./system/src/newlib/_syscalls.o
                0x080005f4                _fstat
 .text._isatty  0x08000604       0x10 ./system/src/newlib/_syscalls.o
                0x08000604                _isatty
 .text._lseek   0x08000614       0x10 ./system/src/newlib/_syscalls.o
                0x08000614                _lseek
 .text._read    0x08000624       0x10 ./system/src/newlib/_syscalls.o
                0x08000624                _read
 .text.assert_failed
                0x08000634       0x18 ./system/src/newlib/assert.o
                0x08000634                assert_failed
 .text.trace_printf
                0x0800064c       0x3c ./system/src/diag/Trace.o
                0x0800064c                trace_printf
 .text.trace_puts
                0x08000688       0x20 ./system/src/diag/Trace.o
                0x08000688                trace_puts
 .text._trace_write_itm
                0x080006a8       0x48 ./system/src/diag/trace_impl.o
 .text.trace_write
                0x080006f0        0x8 ./system/src/diag/trace_impl.o
                0x080006f0                trace_write
 .text.__initialize_hardware_early
                0x080006f8        0x8 ./system/src/cortexm/_initialize_hardware.o
                0x080006f8                __initialize_hardware_early
 .text.__initialize_hardware
                0x08000700        0x8 ./system/src/cortexm/_initialize_hardware.o
                0x08000700                __initialize_hardware
 .text.SetSysClockTo72
                0x08000708       0xe4 ./system/src/cmsis/system_stm32f10x.o
 .text.SetSysClock
                0x080007ec        0x8 ./system/src/cmsis/system_stm32f10x.o
 .text.SystemInit
                0x080007f4       0x54 ./system/src/cmsis/system_stm32f10x.o
                0x080007f4                SystemInit
 .text.SystemCoreClockUpdate
                0x08000848       0xe0 ./system/src/cmsis/system_stm32f10x.o
                0x08000848                SystemCoreClockUpdate
 .text.blink_led_init
                0x08000928       0x38 ./src/BlinkLed.o
                0x08000928                blink_led_init
 .text.timer_start
                0x08000960       0x44 ./src/Timer.o
                0x08000960                timer_start
 .text.timer_sleep
                0x080009a4       0x1c ./src/Timer.o
                0x080009a4                timer_sleep
 .text.timer_tick
                0x080009c0       0x1c ./src/Timer.o
                0x080009c0                timer_tick
 .text.SysTick_Handler
                0x080009dc        0x8 ./src/Timer.o
                0x080009dc                SysTick_Handler
 .text._write   0x080009e4       0x20 ./src/_write.o
                0x080009e4                _write
 .text.startup.main
                0x08000a04       0x80 ./src/main.o
                0x08000a04                main
 .text.__errno  0x08000a84        0xc /home/heng/Software/GCC/gcc-arm-none-eabi-4_7-2013q1/bin/../lib/gcc/arm-none-eabi/4.7.3/../../../../arm-none-eabi/lib/armv7-m/libg.a(lib_a-errno.o)
                0x08000a84                __errno
 .text._fputs_r
                0x08000a90       0x50 /home/heng/Software/GCC/gcc-arm-none-eabi-4_7-2013q1/bin/../lib/gcc/arm-none-eabi/4.7.3/../../../../arm-none-eabi/lib/armv7-m/libg.a(lib_a-fputs.o)
                0x08000a90                _fputs_r
 .text.fputs    0x08000ae0       0x18 /home/heng/Software/GCC/gcc-arm-none-eabi-4_7-2013q1/bin/../lib/gcc/arm-none-eabi/4.7.3/../../../../arm-none-eabi/lib/armv7-m/libg.a(lib_a-fputs.o)
                0x08000ae0                fputs
 .text.__sfvwrite_r
                0x08000af8      0x314 /home/heng/Software/GCC/gcc-arm-none-eabi-4_7-2013q1/bin/../lib/gcc/arm-none-eabi/4.7.3/../../../../arm-none-eabi/lib/armv7-m/libg.a(lib_a-fvwrite.o)
                0x08000af8                __sfvwrite_r
 .text._malloc_r
                0x08000e0c      0x530 /home/heng/Software/GCC/gcc-arm-none-eabi-4_7-2013q1/bin/../lib/gcc/arm-none-eabi/4.7.3/../../../../arm-none-eabi/lib/armv7-m/libg.a(lib_a-mallocr.o)
                0x08000e0c                _malloc_r
 .text.memchr   0x0800133c      0x140 /home/heng/Software/GCC/gcc-arm-none-eabi-4_7-2013q1/bin/../lib/gcc/arm-none-eabi/4.7.3/../../../../arm-none-eabi/lib/armv7-m/libg.a(lib_a-memchr.o)
                0x0800133c                memchr
 .text.memcpy   0x0800147c      0x15c /home/heng/Software/GCC/gcc-arm-none-eabi-4_7-2013q1/bin/../lib/gcc/arm-none-eabi/4.7.3/../../../../arm-none-eabi/lib/armv7-m/libg.a(lib_a-memcpy.o)
                0x0800147c                memcpy
 .text.memmove  0x080015d8      0x1b0 /home/heng/Software/GCC/gcc-arm-none-eabi-4_7-2013q1/bin/../lib/gcc/arm-none-eabi/4.7.3/../../../../arm-none-eabi/lib/armv7-m/libg.a(lib_a-memmove.o)
                0x080015d8                memmove
 .text.__malloc_lock
                0x08001788        0x4 /home/heng/Software/GCC/gcc-arm-none-eabi-4_7-2013q1/bin/../lib/gcc/arm-none-eabi/4.7.3/../../../../arm-none-eabi/lib/armv7-m/libg.a(lib_a-mlock.o)
                0x08001788                __malloc_lock
 .text.__malloc_unlock
                0x0800178c        0x4 /home/heng/Software/GCC/gcc-arm-none-eabi-4_7-2013q1/bin/../lib/gcc/arm-none-eabi/4.7.3/../../../../arm-none-eabi/lib/armv7-m/libg.a(lib_a-mlock.o)
                0x0800178c                __malloc_unlock
 .text._puts_r  0x08001790       0x68 /home/heng/Software/GCC/gcc-arm-none-eabi-4_7-2013q1/bin/../lib/gcc/arm-none-eabi/4.7.3/../../../../arm-none-eabi/lib/armv7-m/libg.a(lib_a-puts.o)
                0x08001790                _puts_r
 .text.puts     0x080017f8       0x10 /home/heng/Software/GCC/gcc-arm-none-eabi-4_7-2013q1/bin/../lib/gcc/arm-none-eabi/4.7.3/../../../../arm-none-eabi/lib/armv7-m/libg.a(lib_a-puts.o)
                0x080017f8                puts
 .text._realloc_r
                0x08001808      0x3ec /home/heng/Software/GCC/gcc-arm-none-eabi-4_7-2013q1/bin/../lib/gcc/arm-none-eabi/4.7.3/../../../../arm-none-eabi/lib/armv7-m/libg.a(lib_a-reallocr.o)
                0x08001808                _realloc_r
 .text._sbrk_r  0x08001bf4       0x24 /home/heng/Software/GCC/gcc-arm-none-eabi-4_7-2013q1/bin/../lib/gcc/arm-none-eabi/4.7.3/../../../../arm-none-eabi/lib/armv7-m/libg.a(lib_a-sbrkr.o)
                0x08001bf4                _sbrk_r
 .text.strlen   0x08001c18       0x60 /home/heng/Software/GCC/gcc-arm-none-eabi-4_7-2013q1/bin/../lib/gcc/arm-none-eabi/4.7.3/../../../../arm-none-eabi/lib/armv7-m/libg.a(lib_a-strlen.o)
                0x08001c18                strlen
 .text._vsnprintf_r
                0x08001c78       0x58 /home/heng/Software/GCC/gcc-arm-none-eabi-4_7-2013q1/bin/../lib/gcc/arm-none-eabi/4.7.3/../../../../arm-none-eabi/lib/armv7-m/libg.a(lib_a-vsnprintf.o)
                0x08001c78                _vsnprintf_r
 .text.vsnprintf
                0x08001cd0       0x28 /home/heng/Software/GCC/gcc-arm-none-eabi-4_7-2013q1/bin/../lib/gcc/arm-none-eabi/4.7.3/../../../../arm-none-eabi/lib/armv7-m/libg.a(lib_a-vsnprintf.o)
                0x08001cd0                vsnprintf
 .text.__swsetup_r
                0x08001cf8       0xc4 /home/heng/Software/GCC/gcc-arm-none-eabi-4_7-2013q1/bin/../lib/gcc/arm-none-eabi/4.7.3/../../../../arm-none-eabi/lib/armv7-m/libg.a(lib_a-wsetup.o)
                0x08001cf8                __swsetup_r
 .text._fflush_r
                0x08001dbc      0x164 /home/heng/Software/GCC/gcc-arm-none-eabi-4_7-2013q1/bin/../lib/gcc/arm-none-eabi/4.7.3/../../../../arm-none-eabi/lib/armv7-m/libg.a(lib_a-fflush.o)
                0x08001dbc                _fflush_r
 .text._cleanup_r
                0x08001f20        0xc /home/heng/Software/GCC/gcc-arm-none-eabi-4_7-2013q1/bin/../lib/gcc/arm-none-eabi/4.7.3/../../../../arm-none-eabi/lib/armv7-m/libg.a(lib_a-findfp.o)
                0x08001f20                _cleanup_r
 .text.std.isra.0
                0x08001f2c       0x50 /home/heng/Software/GCC/gcc-arm-none-eabi-4_7-2013q1/bin/../lib/gcc/arm-none-eabi/4.7.3/../../../../arm-none-eabi/lib/armv7-m/libg.a(lib_a-findfp.o)
 .text.__sinit  0x08001f7c       0x4c /home/heng/Software/GCC/gcc-arm-none-eabi-4_7-2013q1/bin/../lib/gcc/arm-none-eabi/4.7.3/../../../../arm-none-eabi/lib/armv7-m/libg.a(lib_a-findfp.o)
                0x08001f7c                __sinit
 .text.__sfp_lock_acquire
                0x08001fc8        0x4 /home/heng/Software/GCC/gcc-arm-none-eabi-4_7-2013q1/bin/../lib/gcc/arm-none-eabi/4.7.3/../../../../arm-none-eabi/lib/armv7-m/libg.a(lib_a-findfp.o)
                0x08001fc8                __sfp_lock_acquire
 .text.__sfp_lock_release
                0x08001fcc        0x4 /home/heng/Software/GCC/gcc-arm-none-eabi-4_7-2013q1/bin/../lib/gcc/arm-none-eabi/4.7.3/../../../../arm-none-eabi/lib/armv7-m/libg.a(lib_a-findfp.o)
                0x08001fcc                __sfp_lock_release
 .text._malloc_trim_r
                0x08001fd0       0x98 /home/heng/Software/GCC/gcc-arm-none-eabi-4_7-2013q1/bin/../lib/gcc/arm-none-eabi/4.7.3/../../../../arm-none-eabi/lib/armv7-m/libg.a(lib_a-freer.o)
                0x08001fd0                _malloc_trim_r
 .text._free_r  0x08002068      0x194 /home/heng/Software/GCC/gcc-arm-none-eabi-4_7-2013q1/bin/../lib/gcc/arm-none-eabi/4.7.3/../../../../arm-none-eabi/lib/armv7-m/libg.a(lib_a-freer.o)
                0x08002068                _free_r
 .text._fwalk   0x080021fc       0xb8 /home/heng/Software/GCC/gcc-arm-none-eabi-4_7-2013q1/bin/../lib/gcc/arm-none-eabi/4.7.3/../../../../arm-none-eabi/lib/armv7-m/libg.a(lib_a-fwalk.o)
                0x080021fc                _fwalk
 .text.__smakebuf_r
                0x080022b4       0xe8 /home/heng/Software/GCC/gcc-arm-none-eabi-4_7-2013q1/bin/../lib/gcc/arm-none-eabi/4.7.3/../../../../arm-none-eabi/lib/armv7-m/libg.a(lib_a-makebuf.o)
                0x080022b4                __smakebuf_r
 .text.memset   0x0800239c      0x12c /home/heng/Software/GCC/gcc-arm-none-eabi-4_7-2013q1/bin/../lib/gcc/arm-none-eabi/4.7.3/../../../../arm-none-eabi/lib/armv7-m/libg.a(lib_a-memset.o)
                0x0800239c                memset
 .text.__sread  0x080024c8       0x24 /home/heng/Software/GCC/gcc-arm-none-eabi-4_7-2013q1/bin/../lib/gcc/arm-none-eabi/4.7.3/../../../../arm-none-eabi/lib/armv7-m/libg.a(lib_a-stdio.o)
                0x080024c8                __sread
 .text.__swrite
                0x080024ec       0x44 /home/heng/Software/GCC/gcc-arm-none-eabi-4_7-2013q1/bin/../lib/gcc/arm-none-eabi/4.7.3/../../../../arm-none-eabi/lib/armv7-m/libg.a(lib_a-stdio.o)
                0x080024ec                __swrite
 .text.__sseek  0x08002530       0x24 /home/heng/Software/GCC/gcc-arm-none-eabi-4_7-2013q1/bin/../lib/gcc/arm-none-eabi/4.7.3/../../../../arm-none-eabi/lib/armv7-m/libg.a(lib_a-stdio.o)
                0x08002530                __sseek
 .text.__sclose
                0x08002554        0x8 /home/heng/Software/GCC/gcc-arm-none-eabi-4_7-2013q1/bin/../lib/gcc/arm-none-eabi/4.7.3/../../../../arm-none-eabi/lib/armv7-m/libg.a(lib_a-stdio.o)
                0x08002554                __sclose
 .text._svfprintf_r
                0x0800255c     0x1adc /home/heng/Software/GCC/gcc-arm-none-eabi-4_7-2013q1/bin/../lib/gcc/arm-none-eabi/4.7.3/../../../../arm-none-eabi/lib/armv7-m/libg.a(lib_a-svfprintf.o)
                0x0800255c                _svfprintf_r
 .text._write_r
                0x08004038       0x28 /home/heng/Software/GCC/gcc-arm-none-eabi-4_7-2013q1/bin/../lib/gcc/arm-none-eabi/4.7.3/../../../../arm-none-eabi/lib/armv7-m/libg.a(lib_a-writer.o)
                0x08004038                _write_r
 .text._close_r
                0x08004060       0x24 /home/heng/Software/GCC/gcc-arm-none-eabi-4_7-2013q1/bin/../lib/gcc/arm-none-eabi/4.7.3/../../../../arm-none-eabi/lib/armv7-m/libg.a(lib_a-closer.o)
                0x08004060                _close_r
 .text.quorem   0x08004084      0x2ec /home/heng/Software/GCC/gcc-arm-none-eabi-4_7-2013q1/bin/../lib/gcc/arm-none-eabi/4.7.3/../../../../arm-none-eabi/lib/armv7-m/libg.a(lib_a-dtoa.o)
 .text._dtoa_r  0x08004370     0x11f8 /home/heng/Software/GCC/gcc-arm-none-eabi-4_7-2013q1/bin/../lib/gcc/arm-none-eabi/4.7.3/../../../../arm-none-eabi/lib/armv7-m/libg.a(lib_a-dtoa.o)
                0x08004370                _dtoa_r
 .text._fclose_r
                0x08005568       0x94 /home/heng/Software/GCC/gcc-arm-none-eabi-4_7-2013q1/bin/../lib/gcc/arm-none-eabi/4.7.3/../../../../arm-none-eabi/lib/armv7-m/libg.a(lib_a-fclose.o)
                0x08005568                _fclose_r
 .text.fclose   0x080055fc       0x10 /home/heng/Software/GCC/gcc-arm-none-eabi-4_7-2013q1/bin/../lib/gcc/arm-none-eabi/4.7.3/../../../../arm-none-eabi/lib/armv7-m/libg.a(lib_a-fclose.o)
                0x080055fc                fclose
 .text._fstat_r
                0x0800560c       0x28 /home/heng/Software/GCC/gcc-arm-none-eabi-4_7-2013q1/bin/../lib/gcc/arm-none-eabi/4.7.3/../../../../arm-none-eabi/lib/armv7-m/libg.a(lib_a-fstatr.o)
                0x0800560c                _fstat_r
 .text._isatty_r
                0x08005634       0x24 /home/heng/Software/GCC/gcc-arm-none-eabi-4_7-2013q1/bin/../lib/gcc/arm-none-eabi/4.7.3/../../../../arm-none-eabi/lib/armv7-m/libg.a(lib_a-isattyr.o)
                0x08005634                _isatty_r
 .text._localeconv_r
                0x08005658        0xc /home/heng/Software/GCC/gcc-arm-none-eabi-4_7-2013q1/bin/../lib/gcc/arm-none-eabi/4.7.3/../../../../arm-none-eabi/lib/armv7-m/libg.a(lib_a-locale.o)
                0x08005658                _localeconv_r
 .text._lseek_r
                0x08005664       0x28 /home/heng/Software/GCC/gcc-arm-none-eabi-4_7-2013q1/bin/../lib/gcc/arm-none-eabi/4.7.3/../../../../arm-none-eabi/lib/armv7-m/libg.a(lib_a-lseekr.o)
                0x08005664                _lseek_r
 .text._Balloc  0x0800568c       0x4c /home/heng/Software/GCC/gcc-arm-none-eabi-4_7-2013q1/bin/../lib/gcc/arm-none-eabi/4.7.3/../../../../arm-none-eabi/lib/armv7-m/libg.a(lib_a-mprec.o)
                0x0800568c                _Balloc
 .text._Bfree   0x080056d8       0x14 /home/heng/Software/GCC/gcc-arm-none-eabi-4_7-2013q1/bin/../lib/gcc/arm-none-eabi/4.7.3/../../../../arm-none-eabi/lib/armv7-m/libg.a(lib_a-mprec.o)
                0x080056d8                _Bfree
 .text.__multadd
                0x080056ec       0xfc /home/heng/Software/GCC/gcc-arm-none-eabi-4_7-2013q1/bin/../lib/gcc/arm-none-eabi/4.7.3/../../../../arm-none-eabi/lib/armv7-m/libg.a(lib_a-mprec.o)
                0x080056ec                __multadd
 .text.__hi0bits
                0x080057e8       0x3c /home/heng/Software/GCC/gcc-arm-none-eabi-4_7-2013q1/bin/../lib/gcc/arm-none-eabi/4.7.3/../../../../arm-none-eabi/lib/armv7-m/libg.a(lib_a-mprec.o)
                0x080057e8                __hi0bits
 .text.__lo0bits
                0x08005824       0x5c /home/heng/Software/GCC/gcc-arm-none-eabi-4_7-2013q1/bin/../lib/gcc/arm-none-eabi/4.7.3/../../../../arm-none-eabi/lib/armv7-m/libg.a(lib_a-mprec.o)
                0x08005824                __lo0bits
 .text.__i2b    0x08005880       0x14 /home/heng/Software/GCC/gcc-arm-none-eabi-4_7-2013q1/bin/../lib/gcc/arm-none-eabi/4.7.3/../../../../arm-none-eabi/lib/armv7-m/libg.a(lib_a-mprec.o)
                0x08005880                __i2b
 .text.__multiply
                0x08005894      0x2d0 /home/heng/Software/GCC/gcc-arm-none-eabi-4_7-2013q1/bin/../lib/gcc/arm-none-eabi/4.7.3/../../../../arm-none-eabi/lib/armv7-m/libg.a(lib_a-mprec.o)
                0x08005894                __multiply
 .text.__pow5mult
                0x08005b64       0x94 /home/heng/Software/GCC/gcc-arm-none-eabi-4_7-2013q1/bin/../lib/gcc/arm-none-eabi/4.7.3/../../../../arm-none-eabi/lib/armv7-m/libg.a(lib_a-mprec.o)
                0x08005b64                __pow5mult
 .text.__lshift
                0x08005bf8      0x16c /home/heng/Software/GCC/gcc-arm-none-eabi-4_7-2013q1/bin/../lib/gcc/arm-none-eabi/4.7.3/../../../../arm-none-eabi/lib/armv7-m/libg.a(lib_a-mprec.o)
                0x08005bf8                __lshift
 .text.__mcmp   0x08005d64       0x5c /home/heng/Software/GCC/gcc-arm-none-eabi-4_7-2013q1/bin/../lib/gcc/arm-none-eabi/4.7.3/../../../../arm-none-eabi/lib/armv7-m/libg.a(lib_a-mprec.o)
                0x08005d64                __mcmp
 .text.__mdiff  0x08005dc0      0x218 /home/heng/Software/GCC/gcc-arm-none-eabi-4_7-2013q1/bin/../lib/gcc/arm-none-eabi/4.7.3/../../../../arm-none-eabi/lib/armv7-m/libg.a(lib_a-mprec.o)
                0x08005dc0                __mdiff
 .text.__d2b    0x08005fd8       0xc0 /home/heng/Software/GCC/gcc-arm-none-eabi-4_7-2013q1/bin/../lib/gcc/arm-none-eabi/4.7.3/../../../../arm-none-eabi/lib/armv7-m/libg.a(lib_a-mprec.o)
                0x08005fd8                __d2b
 .text._read_r  0x08006098       0x28 /home/heng/Software/GCC/gcc-arm-none-eabi-4_7-2013q1/bin/../lib/gcc/arm-none-eabi/4.7.3/../../../../arm-none-eabi/lib/armv7-m/libg.a(lib_a-readr.o)
                0x08006098                _read_r
 .text.__fpclassifyd
                0x080060c0       0x68 /home/heng/Software/GCC/gcc-arm-none-eabi-4_7-2013q1/bin/../lib/gcc/arm-none-eabi/4.7.3/../../../../arm-none-eabi/lib/armv7-m/libg.a(lib_a-s_fpclassify.o)
                0x080060c0                __fpclassifyd
 .text.__ssprint_r
                0x08006128      0x100 /home/heng/Software/GCC/gcc-arm-none-eabi-4_7-2013q1/bin/../lib/gcc/arm-none-eabi/4.7.3/../../../../arm-none-eabi/lib/armv7-m/libg.a(lib_a-svfiprintf.o)
                0x08006128                __ssprint_r
 .text._calloc_r
                0x08006228       0x60 /home/heng/Software/GCC/gcc-arm-none-eabi-4_7-2013q1/bin/../lib/gcc/arm-none-eabi/4.7.3/../../../../arm-none-eabi/lib/armv7-m/libg.a(lib_a-callocr.o)
                0x08006228                _calloc_r
 .text          0x08006288      0x370 /home/heng/Software/GCC/gcc-arm-none-eabi-4_7-2013q1/bin/../lib/gcc/arm-none-eabi/4.7.3/armv7-m/libgcc.a(_arm_addsubdf3.o)
                0x08006288                __aeabi_drsub
                0x08006290                __aeabi_dsub
                0x08006290                __subdf3
                0x08006294                __adddf3
                0x08006294                __aeabi_dadd
                0x0800650c                __aeabi_ui2d
                0x0800650c                __floatunsidf
                0x0800652c                __floatsidf
                0x0800652c                __aeabi_i2d
                0x08006550                __extendsfdf2
                0x08006550                __aeabi_f2d
                0x0800658c                __aeabi_ul2d
                0x0800658c                __floatundidf
                0x0800659c                __floatdidf
                0x0800659c                __aeabi_l2d
 .text          0x080065f8      0x424 /home/heng/Software/GCC/gcc-arm-none-eabi-4_7-2013q1/bin/../lib/gcc/arm-none-eabi/4.7.3/armv7-m/libgcc.a(_arm_muldivdf3.o)
                0x080065f8                __aeabi_dmul
                0x080065f8                __muldf3
                0x0800684c                __aeabi_ddiv
                0x0800684c                __divdf3
 .text          0x08006a1c      0x110 /home/heng/Software/GCC/gcc-arm-none-eabi-4_7-2013q1/bin/../lib/gcc/arm-none-eabi/4.7.3/armv7-m/libgcc.a(_arm_cmpdf2.o)
                0x08006a1c                __gtdf2
                0x08006a1c                __gedf2
                0x08006a24                __ltdf2
                0x08006a24                __ledf2
                0x08006a2c                __cmpdf2
                0x08006a2c                __eqdf2
                0x08006a2c                __nedf2
                0x08006aa8                __aeabi_cdrcmple
                0x08006ab8                __aeabi_cdcmple
                0x08006ab8                __aeabi_cdcmpeq
                0x08006ac8                __aeabi_dcmpeq
                0x08006adc                __aeabi_dcmplt
                0x08006af0                __aeabi_dcmple
                0x08006b04                __aeabi_dcmpge
                0x08006b18                __aeabi_dcmpgt
 .text          0x08006b2c       0x50 /home/heng/Software/GCC/gcc-arm-none-eabi-4_7-2013q1/bin/../lib/gcc/arm-none-eabi/4.7.3/armv7-m/libgcc.a(_arm_fixdfsi.o)
                0x08006b2c                __fixdfsi
                0x08006b2c                __aeabi_d2iz
 .text          0x08006b7c       0x2c /home/heng/Software/GCC/gcc-arm-none-eabi-4_7-2013q1/bin/../lib/gcc/arm-none-eabi/4.7.3/armv7-m/libgcc.a(_aeabi_uldivmod.o)
                0x08006b7c                __aeabi_uldivmod
 .text          0x08006ba8       0x60 /home/heng/Software/GCC/gcc-arm-none-eabi-4_7-2013q1/bin/../lib/gcc/arm-none-eabi/4.7.3/armv7-m/libgcc.a(bpabi.o)
                0x08006ba8                __gnu_ldivmod_helper
                0x08006bd8                __gnu_uldivmod_helper
 .text          0x08006c08        0x4 /home/heng/Software/GCC/gcc-arm-none-eabi-4_7-2013q1/bin/../lib/gcc/arm-none-eabi/4.7.3/armv7-m/libgcc.a(_dvmd_tls.o)
                0x08006c08                __aeabi_ldiv0
                0x08006c08                __aeabi_idiv0
 .text          0x08006c0c      0x2bc /home/heng/Software/GCC/gcc-arm-none-eabi-4_7-2013q1/bin/../lib/gcc/arm-none-eabi/4.7.3/armv7-m/libgcc.a(_divdi3.o)
                0x08006c0c                __divdi3
 .text          0x08006ec8      0x28c /home/heng/Software/GCC/gcc-arm-none-eabi-4_7-2013q1/bin/../lib/gcc/arm-none-eabi/4.7.3/armv7-m/libgcc.a(_udivdi3.o)
                0x08006ec8                __udivdi3
 *(.rodata .rodata.*)
 .rodata.str1.4
                0x08007154       0x31 ./system/src/stm32f1-stdperiph/stm32f10x_gpio.o
                                 0x34 (size before relaxing)
 *fill*         0x08007185        0x3 00
 .rodata.str1.4
                0x08007188       0x30 ./system/src/stm32f1-stdperiph/stm32f10x_rcc.o
 .rodata.str1.4
                0x080071b8       0x14 ./system/src/newlib/_exit.o
 .rodata.str1.4
                0x080071cc       0x6b ./system/src/newlib/assert.o
                                 0x70 (size before relaxing)
 *fill*         0x08007237        0x1 00
 .rodata.str1.4
                0x08007238       0x2d ./system/src/diag/Trace.o
                                 0x30 (size before relaxing)
 .rodata.str1.1
                0x08007265       0x62 ./src/main.o
 *fill*         0x080072c7        0x1 00
 .rodata.str1.4
                0x080072c8        0x2 /home/heng/Software/GCC/gcc-arm-none-eabi-4_7-2013q1/bin/../lib/gcc/arm-none-eabi/4.7.3/../../../../arm-none-eabi/lib/armv7-m/libg.a(lib_a-impure.o)
                                  0x4 (size before relaxing)
 .rodata.str1.4
                0x00000000        0x4 /home/heng/Software/GCC/gcc-arm-none-eabi-4_7-2013q1/bin/../lib/gcc/arm-none-eabi/4.7.3/../../../../arm-none-eabi/lib/armv7-m/libg.a(lib_a-puts.o)
 *fill*         0x080072ca        0x2 00
 .rodata.str1.4
                0x080072cc       0x42 /home/heng/Software/GCC/gcc-arm-none-eabi-4_7-2013q1/bin/../lib/gcc/arm-none-eabi/4.7.3/../../../../arm-none-eabi/lib/armv7-m/libg.a(lib_a-svfprintf.o)
                                 0x44 (size before relaxing)
 *fill*         0x0800730e        0x2 00
 .rodata.zeroes.6721
                0x08007310       0x10 /home/heng/Software/GCC/gcc-arm-none-eabi-4_7-2013q1/bin/../lib/gcc/arm-none-eabi/4.7.3/../../../../arm-none-eabi/lib/armv7-m/libg.a(lib_a-svfprintf.o)
 .rodata.blanks.6720
                0x08007320       0x10 /home/heng/Software/GCC/gcc-arm-none-eabi-4_7-2013q1/bin/../lib/gcc/arm-none-eabi/4.7.3/../../../../arm-none-eabi/lib/armv7-m/libg.a(lib_a-svfprintf.o)
 .rodata.str1.4
                0x08007330       0x10 /home/heng/Software/GCC/gcc-arm-none-eabi-4_7-2013q1/bin/../lib/gcc/arm-none-eabi/4.7.3/../../../../arm-none-eabi/lib/armv7-m/libg.a(lib_a-dtoa.o)
                                 0x14 (size before relaxing)
 .rodata.str1.4
                0x08007340        0xc /home/heng/Software/GCC/gcc-arm-none-eabi-4_7-2013q1/bin/../lib/gcc/arm-none-eabi/4.7.3/../../../../arm-none-eabi/lib/armv7-m/libg.a(lib_a-locale.o)
                                 0x14 (size before relaxing)
 .rodata.p05.5242
                0x0800734c        0xc /home/heng/Software/GCC/gcc-arm-none-eabi-4_7-2013q1/bin/../lib/gcc/arm-none-eabi/4.7.3/../../../../arm-none-eabi/lib/armv7-m/libg.a(lib_a-mprec.o)
 .rodata.__mprec_tens
                0x08007358       0xc8 /home/heng/Software/GCC/gcc-arm-none-eabi-4_7-2013q1/bin/../lib/gcc/arm-none-eabi/4.7.3/../../../../arm-none-eabi/lib/armv7-m/libg.a(lib_a-mprec.o)
                0x08007358                __mprec_tens
 .rodata.__mprec_bigtens
                0x08007420       0x28 /home/heng/Software/GCC/gcc-arm-none-eabi-4_7-2013q1/bin/../lib/gcc/arm-none-eabi/4.7.3/../../../../arm-none-eabi/lib/armv7-m/libg.a(lib_a-mprec.o)
                0x08007420                __mprec_bigtens
 *(vtable)
 *(.eh_frame*)
 *(.glue_7)
 .glue_7        0x00000000        0x0 linker stubs
 *(.glue_7t)
 .glue_7t       0x00000000        0x0 linker stubs

.vfp11_veneer   0x08007448        0x0
 .vfp11_veneer  0x00000000        0x0 linker stubs

.v4_bx          0x08007448        0x0
 .v4_bx         0x00000000        0x0 linker stubs

.iplt           0x08007448        0x0
 .iplt          0x00000000        0x0 ./system/src/stm32f1-stdperiph/misc.o

.ARM.extab
 *(.ARM.extab* .gnu.linkonce.armextab.*)
                0x08007448                __exidx_start = .

.ARM.exidx      0x08007448        0x8
 *(.ARM.exidx* .gnu.linkonce.armexidx.*)
 .ARM.exidx     0x08007448        0x8 /home/heng/Software/GCC/gcc-arm-none-eabi-4_7-2013q1/bin/../lib/gcc/arm-none-eabi/4.7.3/armv7-m/libgcc.a(_divdi3.o)
 .ARM.exidx     0x08007450        0x0 /home/heng/Software/GCC/gcc-arm-none-eabi-4_7-2013q1/bin/../lib/gcc/arm-none-eabi/4.7.3/armv7-m/libgcc.a(_udivdi3.o)
                                  0x8 (size before relaxing)
                0x08007450                __exidx_end = .

.rel.dyn        0x08007450        0x0
 .rel.iplt      0x00000000        0x0 ./system/src/stm32f1-stdperiph/misc.o
                0x08007450                . = ALIGN (0x4)
                0x08007450                _etext = .
                0x08007450                __etext = .
                0x08007450                _sidata = _etext

.data           0x20000000      0x898 load address 0x08007450
                0x20000000                . = ALIGN (0x4)
                0x20000000                _sdata = .
                0x20000000                __data_start__ = .
 *(.data_begin .data_begin.*)
 .data_begin    0x20000000        0x4 ./system/src/newlib/_startup.o
 *(.data .data.*)
 .data.argv.4458
                0x20000004        0x8 ./system/src/newlib/_syscalls.o
 .data.AHBPrescTable
                0x2000000c       0x10 ./system/src/cmsis/system_stm32f10x.o
                0x2000000c                AHBPrescTable
 .data.SystemCoreClock
                0x2000001c        0x4 ./system/src/cmsis/system_stm32f10x.o
                0x2000001c                SystemCoreClock
 .data.impure_data
                0x20000020      0x428 /home/heng/Software/GCC/gcc-arm-none-eabi-4_7-2013q1/bin/../lib/gcc/arm-none-eabi/4.7.3/../../../../arm-none-eabi/lib/armv7-m/libg.a(lib_a-impure.o)
 .data._impure_ptr
                0x20000448        0x4 /home/heng/Software/GCC/gcc-arm-none-eabi-4_7-2013q1/bin/../lib/gcc/arm-none-eabi/4.7.3/../../../../arm-none-eabi/lib/armv7-m/libg.a(lib_a-impure.o)
                0x20000448                _impure_ptr
 .data.__malloc_av_
                0x2000044c      0x408 /home/heng/Software/GCC/gcc-arm-none-eabi-4_7-2013q1/bin/../lib/gcc/arm-none-eabi/4.7.3/../../../../arm-none-eabi/lib/armv7-m/libg.a(lib_a-mallocr.o)
                0x2000044c                __malloc_av_
 .data.__malloc_trim_threshold
                0x20000854        0x4 /home/heng/Software/GCC/gcc-arm-none-eabi-4_7-2013q1/bin/../lib/gcc/arm-none-eabi/4.7.3/../../../../arm-none-eabi/lib/armv7-m/libg.a(lib_a-mallocr.o)
                0x20000854                __malloc_trim_threshold
 .data.__malloc_sbrk_base
                0x20000858        0x4 /home/heng/Software/GCC/gcc-arm-none-eabi-4_7-2013q1/bin/../lib/gcc/arm-none-eabi/4.7.3/../../../../arm-none-eabi/lib/armv7-m/libg.a(lib_a-mallocr.o)
                0x20000858                __malloc_sbrk_base
 .data.lconv    0x2000085c       0x38 /home/heng/Software/GCC/gcc-arm-none-eabi-4_7-2013q1/bin/../lib/gcc/arm-none-eabi/4.7.3/../../../../arm-none-eabi/lib/armv7-m/libg.a(lib_a-locale.o)
 *(.data_end .data_end.*)
 .data_end      0x20000894        0x4 ./system/src/newlib/_startup.o
                0x20000898                . = ALIGN (0x4)
                0x20000898                _edata = .
                0x20000898                __data_end__ = .

.igot.plt       0x20000898        0x0 load address 0x08007ce8
 .igot.plt      0x00000000        0x0 ./system/src/stm32f1-stdperiph/misc.o

.bss            0x20000898       0xcc load address 0x08007ce8
                0x20000898                . = ALIGN (0x4)
                0x20000898                __bss_start__ = .
                0x20000898                _sbss = .
 *(.bss_begin .bss_begin.*)
 .bss_begin     0x20000898        0x4 ./system/src/newlib/_startup.o
 *(.bss .bss.*)
 .bss.current_heap_end.4286
                0x2000089c        0x4 ./system/src/newlib/_sbrk.o
 .bss.name.4457
                0x200008a0        0x4 ./system/src/newlib/_syscalls.o
 .bss.buf.5349  0x200008a4       0x80 ./system/src/diag/Trace.o
 .bss.__malloc_max_total_mem
                0x20000924        0x4 /home/heng/Software/GCC/gcc-arm-none-eabi-4_7-2013q1/bin/../lib/gcc/arm-none-eabi/4.7.3/../../../../arm-none-eabi/lib/armv7-m/libg.a(lib_a-mallocr.o)
                0x20000924                __malloc_max_total_mem
 .bss.__malloc_max_sbrked_mem
                0x20000928        0x4 /home/heng/Software/GCC/gcc-arm-none-eabi-4_7-2013q1/bin/../lib/gcc/arm-none-eabi/4.7.3/../../../../arm-none-eabi/lib/armv7-m/libg.a(lib_a-mallocr.o)
                0x20000928                __malloc_max_sbrked_mem
 .bss.__malloc_top_pad
                0x2000092c        0x4 /home/heng/Software/GCC/gcc-arm-none-eabi-4_7-2013q1/bin/../lib/gcc/arm-none-eabi/4.7.3/../../../../arm-none-eabi/lib/armv7-m/libg.a(lib_a-mallocr.o)
                0x2000092c                __malloc_top_pad
 .bss.__malloc_current_mallinfo
                0x20000930       0x28 /home/heng/Software/GCC/gcc-arm-none-eabi-4_7-2013q1/bin/../lib/gcc/arm-none-eabi/4.7.3/../../../../arm-none-eabi/lib/armv7-m/libg.a(lib_a-mallocr.o)
                0x20000930                __malloc_current_mallinfo
 *(COMMON)
 COMMON         0x20000958        0x4 ./system/src/newlib/_syscalls.o
                0x20000958                errno
 COMMON         0x2000095c        0x4 ./src/Timer.o
                0x2000095c                timer_delayCount
 *(.bss_end .bss_end.*)
 .bss_end       0x20000960        0x4 ./system/src/newlib/_startup.o
                0x20000964                . = ALIGN (0x4)
                0x20000964                __bss_end__ = .
                0x20000964                _ebss = .

.noinit         0x20000964        0x0
                0x20000964                . = ALIGN (0x4)
                0x20000964                _noinit = .
 *(.noinit .noinit.*)
                0x20000964                . = ALIGN (0x4)
                0x20000964                _end_noinit = .
                0x20000964                PROVIDE (end, _end_noinit)
                0x20000964                PROVIDE (_end, _end_noinit)
                0x20000964                PROVIDE (__end, _end_noinit)
                0x20000964                PROVIDE (__end__, _end_noinit)

._check_stack   0x20000964      0x100 load address 0x08007db4
                0x20000964                . = ALIGN (0x4)
                0x20000a64                . = (. + _Minimum_Stack_Size)
 *fill*         0x20000964      0x100 00
                0x20000a64                . = ALIGN (0x4)

.bss_CCMRAM
 *(.bss.CCMRAM .bss.CCMRAM.*)

.b1text
 *(.b1text)
 *(.b1rodata)
 *(.b1rodata.*)

.eb0text
 *(.eb0text)
 *(.eb0rodata)
 *(.eb0rodata.*)

.eb1text
 *(.eb1text)
 *(.eb1rodata)
 *(.eb1rodata.*)

.eb2text
 *(.eb2text)
 *(.eb2rodata)
 *(.eb2rodata.*)

.eb3text
 *(.eb3text)
 *(.eb3rodata)
 *(.eb3rodata.*)

.stab
 *(.stab)

.stabstr
 *(.stabstr)

.stab.excl
 *(.stab.excl)

.stab.exclstr
 *(.stab.exclstr)

.stab.index
 *(.stab.index)

.stab.indexstr
 *(.stab.indexstr)

.comment        0x00000000       0x8f
 *(.comment)
 .comment       0x00000000       0x1f ./system/src/stm32f1-stdperiph/stm32f10x_gpio.o
                                 0x20 (size before relaxing)
 .comment       0x00000000       0x20 ./system/src/stm32f1-stdperiph/stm32f10x_rcc.o
 .comment       0x00000000       0x20 ./system/src/newlib/_exit.o
 .comment       0x00000000       0x20 ./system/src/newlib/_sbrk.o
 .comment       0x00000000       0x20 ./system/src/newlib/_startup.o
 .comment       0x00000000       0x20 ./system/src/newlib/_syscalls.o
 .comment       0x00000000       0x20 ./system/src/newlib/assert.o
 .comment       0x00000000       0x20 ./system/src/diag/Trace.o
 .comment       0x00000000       0x20 ./system/src/diag/trace_impl.o
 .comment       0x00000000       0x20 ./system/src/cortexm/_initialize_hardware.o
 .comment       0x00000000       0x20 ./system/src/cortexm/exception_handlers.o
 .comment       0x00000000       0x20 ./system/src/cmsis/system_stm32f10x.o
 .comment       0x00000000       0x20 ./system/src/cmsis/vectors_stm32f10x.o
 .comment       0x0000001f       0x70 ./src/BlinkLed.o
                                 0x71 (size before relaxing)
 .comment       0x00000000       0x20 ./src/Timer.o
 .comment       0x00000000       0x20 ./src/_write.o
 .comment       0x00000000       0x71 ./src/main.o

.ARM.attributes
                0x00000000       0x33
 .ARM.attributes
                0x00000000       0x33 ./system/src/stm32f1-stdperiph/stm32f10x_gpio.o
 .ARM.attributes
                0x00000033       0x33 ./system/src/stm32f1-stdperiph/stm32f10x_rcc.o
 .ARM.attributes
                0x00000066       0x33 ./system/src/newlib/_exit.o
 .ARM.attributes
                0x00000099       0x33 ./system/src/newlib/_sbrk.o
 .ARM.attributes
                0x000000cc       0x33 ./system/src/newlib/_startup.o
 .ARM.attributes
                0x000000ff       0x33 ./system/src/newlib/_syscalls.o
 .ARM.attributes
                0x00000132       0x33 ./system/src/newlib/assert.o
 .ARM.attributes
                0x00000165       0x33 ./system/src/diag/Trace.o
 .ARM.attributes
                0x00000198       0x33 ./system/src/diag/trace_impl.o
 .ARM.attributes
                0x000001cb       0x33 ./system/src/cortexm/_initialize_hardware.o
 .ARM.attributes
                0x000001fe       0x33 ./system/src/cortexm/exception_handlers.o
 .ARM.attributes
                0x00000231       0x33 ./system/src/cmsis/system_stm32f10x.o
 .ARM.attributes
                0x00000264       0x33 ./system/src/cmsis/vectors_stm32f10x.o
 .ARM.attributes
                0x00000297       0x33 ./src/BlinkLed.o
 .ARM.attributes
                0x000002ca       0x33 ./src/Timer.o
 .ARM.attributes
                0x000002fd       0x33 ./src/_write.o
 .ARM.attributes
                0x00000330       0x33 ./src/main.o
 .ARM.attributes
                0x00000363       0x2d /home/heng/Software/GCC/gcc-arm-none-eabi-4_7-2013q1/bin/../lib/gcc/arm-none-eabi/4.7.3/../../../../arm-none-eabi/lib/armv7-m/libg.a(lib_a-errno.o)
 .ARM.attributes
                0x00000390       0x2d /home/heng/Software/GCC/gcc-arm-none-eabi-4_7-2013q1/bin/../lib/gcc/arm-none-eabi/4.7.3/../../../../arm-none-eabi/lib/armv7-m/libg.a(lib_a-fputs.o)
 .ARM.attributes
                0x000003bd       0x2d /home/heng/Software/GCC/gcc-arm-none-eabi-4_7-2013q1/bin/../lib/gcc/arm-none-eabi/4.7.3/../../../../arm-none-eabi/lib/armv7-m/libg.a(lib_a-fvwrite.o)
 .ARM.attributes
                0x000003ea       0x2d /home/heng/Software/GCC/gcc-arm-none-eabi-4_7-2013q1/bin/../lib/gcc/arm-none-eabi/4.7.3/../../../../arm-none-eabi/lib/armv7-m/libg.a(lib_a-impure.o)
 .ARM.attributes
                0x00000417       0x2d /home/heng/Software/GCC/gcc-arm-none-eabi-4_7-2013q1/bin/../lib/gcc/arm-none-eabi/4.7.3/../../../../arm-none-eabi/lib/armv7-m/libg.a(lib_a-mallocr.o)
 .ARM.attributes
                0x00000444       0x2d /home/heng/Software/GCC/gcc-arm-none-eabi-4_7-2013q1/bin/../lib/gcc/arm-none-eabi/4.7.3/../../../../arm-none-eabi/lib/armv7-m/libg.a(lib_a-memchr.o)
 .ARM.attributes
                0x00000471       0x2d /home/heng/Software/GCC/gcc-arm-none-eabi-4_7-2013q1/bin/../lib/gcc/arm-none-eabi/4.7.3/../../../../arm-none-eabi/lib/armv7-m/libg.a(lib_a-memcpy.o)
 .ARM.attributes
                0x0000049e       0x2d /home/heng/Software/GCC/gcc-arm-none-eabi-4_7-2013q1/bin/../lib/gcc/arm-none-eabi/4.7.3/../../../../arm-none-eabi/lib/armv7-m/libg.a(lib_a-memmove.o)
 .ARM.attributes
                0x000004cb       0x2d /home/heng/Software/GCC/gcc-arm-none-eabi-4_7-2013q1/bin/../lib/gcc/arm-none-eabi/4.7.3/../../../../arm-none-eabi/lib/armv7-m/libg.a(lib_a-mlock.o)
 .ARM.attributes
                0x000004f8       0x2d /home/heng/Software/GCC/gcc-arm-none-eabi-4_7-2013q1/bin/../lib/gcc/arm-none-eabi/4.7.3/../../../../arm-none-eabi/lib/armv7-m/libg.a(lib_a-puts.o)
 .ARM.attributes
                0x00000525       0x2d /home/heng/Software/GCC/gcc-arm-none-eabi-4_7-2013q1/bin/../lib/gcc/arm-none-eabi/4.7.3/../../../../arm-none-eabi/lib/armv7-m/libg.a(lib_a-reallocr.o)
 .ARM.attributes
                0x00000552       0x2d /home/heng/Software/GCC/gcc-arm-none-eabi-4_7-2013q1/bin/../lib/gcc/arm-none-eabi/4.7.3/../../../../arm-none-eabi/lib/armv7-m/libg.a(lib_a-sbrkr.o)
 .ARM.attributes
                0x0000057f       0x2d /home/heng/Software/GCC/gcc-arm-none-eabi-4_7-2013q1/bin/../lib/gcc/arm-none-eabi/4.7.3/../../../../arm-none-eabi/lib/armv7-m/libg.a(lib_a-strlen.o)
 .ARM.attributes
                0x000005ac       0x2d /home/heng/Software/GCC/gcc-arm-none-eabi-4_7-2013q1/bin/../lib/gcc/arm-none-eabi/4.7.3/../../../../arm-none-eabi/lib/armv7-m/libg.a(lib_a-vsnprintf.o)
 .ARM.attributes
                0x000005d9       0x2d /home/heng/Software/GCC/gcc-arm-none-eabi-4_7-2013q1/bin/../lib/gcc/arm-none-eabi/4.7.3/../../../../arm-none-eabi/lib/armv7-m/libg.a(lib_a-wsetup.o)
 .ARM.attributes
                0x00000606       0x2d /home/heng/Software/GCC/gcc-arm-none-eabi-4_7-2013q1/bin/../lib/gcc/arm-none-eabi/4.7.3/../../../../arm-none-eabi/lib/armv7-m/libg.a(lib_a-fflush.o)
 .ARM.attributes
                0x00000633       0x2d /home/heng/Software/GCC/gcc-arm-none-eabi-4_7-2013q1/bin/../lib/gcc/arm-none-eabi/4.7.3/../../../../arm-none-eabi/lib/armv7-m/libg.a(lib_a-findfp.o)
 .ARM.attributes
                0x00000660       0x2d /home/heng/Software/GCC/gcc-arm-none-eabi-4_7-2013q1/bin/../lib/gcc/arm-none-eabi/4.7.3/../../../../arm-none-eabi/lib/armv7-m/libg.a(lib_a-freer.o)
 .ARM.attributes
                0x0000068d       0x2d /home/heng/Software/GCC/gcc-arm-none-eabi-4_7-2013q1/bin/../lib/gcc/arm-none-eabi/4.7.3/../../../../arm-none-eabi/lib/armv7-m/libg.a(lib_a-fwalk.o)
 .ARM.attributes
                0x000006ba       0x2d /home/heng/Software/GCC/gcc-arm-none-eabi-4_7-2013q1/bin/../lib/gcc/arm-none-eabi/4.7.3/../../../../arm-none-eabi/lib/armv7-m/libg.a(lib_a-makebuf.o)
 .ARM.attributes
                0x000006e7       0x2d /home/heng/Software/GCC/gcc-arm-none-eabi-4_7-2013q1/bin/../lib/gcc/arm-none-eabi/4.7.3/../../../../arm-none-eabi/lib/armv7-m/libg.a(lib_a-memset.o)
 .ARM.attributes
                0x00000714       0x2d /home/heng/Software/GCC/gcc-arm-none-eabi-4_7-2013q1/bin/../lib/gcc/arm-none-eabi/4.7.3/../../../../arm-none-eabi/lib/armv7-m/libg.a(lib_a-stdio.o)
 .ARM.attributes
                0x00000741       0x2d /home/heng/Software/GCC/gcc-arm-none-eabi-4_7-2013q1/bin/../lib/gcc/arm-none-eabi/4.7.3/../../../../arm-none-eabi/lib/armv7-m/libg.a(lib_a-svfprintf.o)
 .ARM.attributes
                0x0000076e       0x2d /home/heng/Software/GCC/gcc-arm-none-eabi-4_7-2013q1/bin/../lib/gcc/arm-none-eabi/4.7.3/../../../../arm-none-eabi/lib/armv7-m/libg.a(lib_a-writer.o)
 .ARM.attributes
                0x0000079b       0x2d /home/heng/Software/GCC/gcc-arm-none-eabi-4_7-2013q1/bin/../lib/gcc/arm-none-eabi/4.7.3/../../../../arm-none-eabi/lib/armv7-m/libg.a(lib_a-closer.o)
 .ARM.attributes
                0x000007c8       0x2d /home/heng/Software/GCC/gcc-arm-none-eabi-4_7-2013q1/bin/../lib/gcc/arm-none-eabi/4.7.3/../../../../arm-none-eabi/lib/armv7-m/libg.a(lib_a-dtoa.o)
 .ARM.attributes
                0x000007f5       0x2d /home/heng/Software/GCC/gcc-arm-none-eabi-4_7-2013q1/bin/../lib/gcc/arm-none-eabi/4.7.3/../../../../arm-none-eabi/lib/armv7-m/libg.a(lib_a-fclose.o)
 .ARM.attributes
                0x00000822       0x2d /home/heng/Software/GCC/gcc-arm-none-eabi-4_7-2013q1/bin/../lib/gcc/arm-none-eabi/4.7.3/../../../../arm-none-eabi/lib/armv7-m/libg.a(lib_a-fstatr.o)
 .ARM.attributes
                0x0000084f       0x2d /home/heng/Software/GCC/gcc-arm-none-eabi-4_7-2013q1/bin/../lib/gcc/arm-none-eabi/4.7.3/../../../../arm-none-eabi/lib/armv7-m/libg.a(lib_a-isattyr.o)
 .ARM.attributes
                0x0000087c       0x2d /home/heng/Software/GCC/gcc-arm-none-eabi-4_7-2013q1/bin/../lib/gcc/arm-none-eabi/4.7.3/../../../../arm-none-eabi/lib/armv7-m/libg.a(lib_a-locale.o)
 .ARM.attributes
                0x000008a9       0x2d /home/heng/Software/GCC/gcc-arm-none-eabi-4_7-2013q1/bin/../lib/gcc/arm-none-eabi/4.7.3/../../../../arm-none-eabi/lib/armv7-m/libg.a(lib_a-lseekr.o)
 .ARM.attributes
                0x000008d6       0x2d /home/heng/Software/GCC/gcc-arm-none-eabi-4_7-2013q1/bin/../lib/gcc/arm-none-eabi/4.7.3/../../../../arm-none-eabi/lib/armv7-m/libg.a(lib_a-mprec.o)
 .ARM.attributes
                0x00000903       0x2d /home/heng/Software/GCC/gcc-arm-none-eabi-4_7-2013q1/bin/../lib/gcc/arm-none-eabi/4.7.3/../../../../arm-none-eabi/lib/armv7-m/libg.a(lib_a-readr.o)
 .ARM.attributes
                0x00000930       0x2d /home/heng/Software/GCC/gcc-arm-none-eabi-4_7-2013q1/bin/../lib/gcc/arm-none-eabi/4.7.3/../../../../arm-none-eabi/lib/armv7-m/libg.a(lib_a-s_fpclassify.o)
 .ARM.attributes
                0x0000095d       0x2d /home/heng/Software/GCC/gcc-arm-none-eabi-4_7-2013q1/bin/../lib/gcc/arm-none-eabi/4.7.3/../../../../arm-none-eabi/lib/armv7-m/libg.a(lib_a-svfiprintf.o)
 .ARM.attributes
                0x0000098a       0x2d /home/heng/Software/GCC/gcc-arm-none-eabi-4_7-2013q1/bin/../lib/gcc/arm-none-eabi/4.7.3/../../../../arm-none-eabi/lib/armv7-m/libg.a(lib_a-callocr.o)
 .ARM.attributes
                0x000009b7       0x1d /home/heng/Software/GCC/gcc-arm-none-eabi-4_7-2013q1/bin/../lib/gcc/arm-none-eabi/4.7.3/armv7-m/libgcc.a(_arm_addsubdf3.o)
 .ARM.attributes
                0x000009d4       0x1d /home/heng/Software/GCC/gcc-arm-none-eabi-4_7-2013q1/bin/../lib/gcc/arm-none-eabi/4.7.3/armv7-m/libgcc.a(_arm_muldivdf3.o)
 .ARM.attributes
                0x000009f1       0x1d /home/heng/Software/GCC/gcc-arm-none-eabi-4_7-2013q1/bin/../lib/gcc/arm-none-eabi/4.7.3/armv7-m/libgcc.a(_arm_cmpdf2.o)
 .ARM.attributes
                0x00000a0e       0x1d /home/heng/Software/GCC/gcc-arm-none-eabi-4_7-2013q1/bin/../lib/gcc/arm-none-eabi/4.7.3/armv7-m/libgcc.a(_arm_fixdfsi.o)
 .ARM.attributes
                0x00000a2b       0x1d /home/heng/Software/GCC/gcc-arm-none-eabi-4_7-2013q1/bin/../lib/gcc/arm-none-eabi/4.7.3/armv7-m/libgcc.a(_aeabi_uldivmod.o)
 .ARM.attributes
                0x00000a48       0x2d /home/heng/Software/GCC/gcc-arm-none-eabi-4_7-2013q1/bin/../lib/gcc/arm-none-eabi/4.7.3/armv7-m/libgcc.a(bpabi.o)
 .ARM.attributes
                0x00000a75       0x1d /home/heng/Software/GCC/gcc-arm-none-eabi-4_7-2013q1/bin/../lib/gcc/arm-none-eabi/4.7.3/armv7-m/libgcc.a(_dvmd_tls.o)
 .ARM.attributes
                0x00000a92       0x2d /home/heng/Software/GCC/gcc-arm-none-eabi-4_7-2013q1/bin/../lib/gcc/arm-none-eabi/4.7.3/armv7-m/libgcc.a(_divdi3.o)
 .ARM.attributes
                0x00000abf       0x2d /home/heng/Software/GCC/gcc-arm-none-eabi-4_7-2013q1/bin/../lib/gcc/arm-none-eabi/4.7.3/armv7-m/libgcc.a(_udivdi3.o)

.debug
 *(.debug)

.line
 *(.line)

.debug_srcinfo
 *(.debug_srcinfo)

.debug_sfnames
 *(.debug_sfnames)

.debug_aranges  0x00000000      0x528
 *(.debug_aranges)
 .debug_aranges
                0x00000000       0xa8 ./system/src/stm32f1-stdperiph/stm32f10x_gpio.o
 .debug_aranges
                0x000000a8      0x118 ./system/src/stm32f1-stdperiph/stm32f10x_rcc.o
 .debug_aranges
                0x000001c0       0x28 ./system/src/newlib/_exit.o
 .debug_aranges
                0x000001e8       0x20 ./system/src/newlib/_sbrk.o
 .debug_aranges
                0x00000208       0x40 ./system/src/newlib/_startup.o
 .debug_aranges
                0x00000248       0xd0 ./system/src/newlib/_syscalls.o
 .debug_aranges
                0x00000318       0x28 ./system/src/newlib/assert.o
 .debug_aranges
                0x00000340       0x38 ./system/src/diag/Trace.o
 .debug_aranges
                0x00000378       0x30 ./system/src/diag/trace_impl.o
 .debug_aranges
                0x000003a8       0x28 ./system/src/cortexm/_initialize_hardware.o
 .debug_aranges
                0x000003d0       0x68 ./system/src/cortexm/exception_handlers.o
 .debug_aranges
                0x00000438       0x38 ./system/src/cmsis/system_stm32f10x.o
 .debug_aranges
                0x00000470       0x20 ./system/src/cmsis/vectors_stm32f10x.o
 .debug_aranges
                0x00000490       0x20 ./src/BlinkLed.o
 .debug_aranges
                0x000004b0       0x38 ./src/Timer.o
 .debug_aranges
                0x000004e8       0x20 ./src/_write.o
 .debug_aranges
                0x00000508       0x20 ./src/main.o

.debug_pubnames
 *(.debug_pubnames)

.debug_info     0x00000000     0x4f00
 *(.debug_info .gnu.linkonce.wi.*)
 .debug_info    0x00000000      0xc00 ./system/src/stm32f1-stdperiph/stm32f10x_gpio.o
 .debug_info    0x00000c00      0xc97 ./system/src/stm32f1-stdperiph/stm32f10x_rcc.o
 .debug_info    0x00001897      0x100 ./system/src/newlib/_exit.o
 .debug_info    0x00001997      0x125 ./system/src/newlib/_sbrk.o
 .debug_info    0x00001abc      0x47f ./system/src/newlib/_startup.o
 .debug_info    0x00001f3b      0x8f3 ./system/src/newlib/_syscalls.o
 .debug_info    0x0000282e      0x1e1 ./system/src/newlib/assert.o
 .debug_info    0x00002a0f      0x32b ./system/src/diag/Trace.o
 .debug_info    0x00002d3a      0x3fe ./system/src/diag/trace_impl.o
 .debug_info    0x00003138       0xea ./system/src/cortexm/_initialize_hardware.o
 .debug_info    0x00003222       0xe9 ./system/src/cortexm/exception_handlers.o
 .debug_info    0x0000330b      0x4a0 ./system/src/cmsis/system_stm32f10x.o
 .debug_info    0x000037ab       0x92 ./system/src/cmsis/vectors_stm32f10x.o
 .debug_info    0x0000383d      0x2e4 ./src/BlinkLed.o
 .debug_info    0x00003b21      0x63f ./src/Timer.o
 .debug_info    0x00004160      0x147 ./src/_write.o
 .debug_info    0x000042a7      0xc59 ./src/main.o

.debug_abbrev   0x00000000     0x15b5
 *(.debug_abbrev)
 .debug_abbrev  0x00000000      0x1f9 ./system/src/stm32f1-stdperiph/stm32f10x_gpio.o
 .debug_abbrev  0x000001f9      0x1ff ./system/src/stm32f1-stdperiph/stm32f10x_rcc.o
 .debug_abbrev  0x000003f8       0xa4 ./system/src/newlib/_exit.o
 .debug_abbrev  0x0000049c       0xbb ./system/src/newlib/_sbrk.o
 .debug_abbrev  0x00000557      0x1e9 ./system/src/newlib/_startup.o
 .debug_abbrev  0x00000740      0x178 ./system/src/newlib/_syscalls.o
 .debug_abbrev  0x000008b8       0xc9 ./system/src/newlib/assert.o
 .debug_abbrev  0x00000981      0x178 ./system/src/diag/Trace.o
 .debug_abbrev  0x00000af9      0x188 ./system/src/diag/trace_impl.o
 .debug_abbrev  0x00000c81       0x88 ./system/src/cortexm/_initialize_hardware.o
 .debug_abbrev  0x00000d09       0x65 ./system/src/cortexm/exception_handlers.o
 .debug_abbrev  0x00000d6e      0x157 ./system/src/cmsis/system_stm32f10x.o
 .debug_abbrev  0x00000ec5       0x92 ./system/src/cmsis/vectors_stm32f10x.o
 .debug_abbrev  0x00000f57      0x15d ./src/BlinkLed.o
 .debug_abbrev  0x000010b4      0x1b5 ./src/Timer.o
 .debug_abbrev  0x00001269       0xd7 ./src/_write.o
 .debug_abbrev  0x00001340      0x275 ./src/main.o

.debug_line     0x00000000     0x3830
 *(.debug_line)
 .debug_line    0x00000000      0x616 ./system/src/stm32f1-stdperiph/stm32f10x_gpio.o
 .debug_line    0x00000616      0x736 ./system/src/stm32f1-stdperiph/stm32f10x_rcc.o
 .debug_line    0x00000d4c      0x1cd ./system/src/newlib/_exit.o
 .debug_line    0x00000f19      0x17f ./system/src/newlib/_sbrk.o
 .debug_line    0x00001098      0x239 ./system/src/newlib/_startup.o
 .debug_line    0x000012d1      0x39b ./system/src/newlib/_syscalls.o
 .debug_line    0x0000166c      0x1f4 ./system/src/newlib/assert.o
 .debug_line    0x00001860      0x22f ./system/src/diag/Trace.o
 .debug_line    0x00001a8f      0x460 ./system/src/diag/trace_impl.o
 .debug_line    0x00001eef      0x395 ./system/src/cortexm/_initialize_hardware.o
 .debug_line    0x00002284       0x9f ./system/src/cortexm/exception_handlers.o
 .debug_line    0x00002323      0x3ef ./system/src/cmsis/system_stm32f10x.o
 .debug_line    0x00002712       0x89 ./system/src/cmsis/vectors_stm32f10x.o
 .debug_line    0x0000279b      0x4ff ./src/BlinkLed.o
 .debug_line    0x00002c9a      0x3e9 ./src/Timer.o
 .debug_line    0x00003083      0x1a5 ./src/_write.o
 .debug_line    0x00003228      0x608 ./src/main.o

.debug_frame    0x00000000     0x1748
 *(.debug_frame)
 .debug_frame   0x00000000      0x1e8 ./system/src/stm32f1-stdperiph/stm32f10x_gpio.o
 .debug_frame   0x000001e8      0x314 ./system/src/stm32f1-stdperiph/stm32f10x_rcc.o
 .debug_frame   0x000004fc       0x38 ./system/src/newlib/_exit.o
 .debug_frame   0x00000534       0x28 ./system/src/newlib/_sbrk.o
 .debug_frame   0x0000055c       0x7c ./system/src/newlib/_startup.o
 .debug_frame   0x000005d8      0x230 ./system/src/newlib/_syscalls.o
 .debug_frame   0x00000808       0x44 ./system/src/newlib/assert.o
 .debug_frame   0x0000084c       0x80 ./system/src/diag/Trace.o
 .debug_frame   0x000008cc       0x50 ./system/src/diag/trace_impl.o
 .debug_frame   0x0000091c       0x40 ./system/src/cortexm/_initialize_hardware.o
 .debug_frame   0x0000095c       0xb8 ./system/src/cortexm/exception_handlers.o
 .debug_frame   0x00000a14       0x64 ./system/src/cmsis/system_stm32f10x.o
 .debug_frame   0x00000a78       0x20 ./system/src/cmsis/vectors_stm32f10x.o
 .debug_frame   0x00000a98       0x30 ./src/BlinkLed.o
 .debug_frame   0x00000ac8       0x58 ./src/Timer.o
 .debug_frame   0x00000b20       0x28 ./src/_write.o
 .debug_frame   0x00000b48       0x28 ./src/main.o
 .debug_frame   0x00000b70       0x20 /home/heng/Software/GCC/gcc-arm-none-eabi-4_7-2013q1/bin/../lib/gcc/arm-none-eabi/4.7.3/../../../../arm-none-eabi/lib/armv7-m/libg.a(lib_a-errno.o)
 .debug_frame   0x00000b90       0x44 /home/heng/Software/GCC/gcc-arm-none-eabi-4_7-2013q1/bin/../lib/gcc/arm-none-eabi/4.7.3/../../../../arm-none-eabi/lib/armv7-m/libg.a(lib_a-fputs.o)
 .debug_frame   0x00000bd4       0x38 /home/heng/Software/GCC/gcc-arm-none-eabi-4_7-2013q1/bin/../lib/gcc/arm-none-eabi/4.7.3/../../../../arm-none-eabi/lib/armv7-m/libg.a(lib_a-fvwrite.o)
 .debug_frame   0x00000c0c       0x38 /home/heng/Software/GCC/gcc-arm-none-eabi-4_7-2013q1/bin/../lib/gcc/arm-none-eabi/4.7.3/../../../../arm-none-eabi/lib/armv7-m/libg.a(lib_a-mallocr.o)
 .debug_frame   0x00000c44       0x2c /home/heng/Software/GCC/gcc-arm-none-eabi-4_7-2013q1/bin/../lib/gcc/arm-none-eabi/4.7.3/../../../../arm-none-eabi/lib/armv7-m/libg.a(lib_a-memchr.o)
 .debug_frame   0x00000c70       0x30 /home/heng/Software/GCC/gcc-arm-none-eabi-4_7-2013q1/bin/../lib/gcc/arm-none-eabi/4.7.3/../../../../arm-none-eabi/lib/armv7-m/libg.a(lib_a-memcpy.o)
 .debug_frame   0x00000ca0       0x30 /home/heng/Software/GCC/gcc-arm-none-eabi-4_7-2013q1/bin/../lib/gcc/arm-none-eabi/4.7.3/../../../../arm-none-eabi/lib/armv7-m/libg.a(lib_a-memmove.o)
 .debug_frame   0x00000cd0       0x30 /home/heng/Software/GCC/gcc-arm-none-eabi-4_7-2013q1/bin/../lib/gcc/arm-none-eabi/4.7.3/../../../../arm-none-eabi/lib/armv7-m/libg.a(lib_a-mlock.o)
 .debug_frame   0x00000d00       0x40 /home/heng/Software/GCC/gcc-arm-none-eabi-4_7-2013q1/bin/../lib/gcc/arm-none-eabi/4.7.3/../../../../arm-none-eabi/lib/armv7-m/libg.a(lib_a-puts.o)
 .debug_frame   0x00000d40       0x38 /home/heng/Software/GCC/gcc-arm-none-eabi-4_7-2013q1/bin/../lib/gcc/arm-none-eabi/4.7.3/../../../../arm-none-eabi/lib/armv7-m/libg.a(lib_a-reallocr.o)
 .debug_frame   0x00000d78       0x2c /home/heng/Software/GCC/gcc-arm-none-eabi-4_7-2013q1/bin/../lib/gcc/arm-none-eabi/4.7.3/../../../../arm-none-eabi/lib/armv7-m/libg.a(lib_a-sbrkr.o)
 .debug_frame   0x00000da4       0x20 /home/heng/Software/GCC/gcc-arm-none-eabi-4_7-2013q1/bin/../lib/gcc/arm-none-eabi/4.7.3/../../../../arm-none-eabi/lib/armv7-m/libg.a(lib_a-strlen.o)
 .debug_frame   0x00000dc4       0x50 /home/heng/Software/GCC/gcc-arm-none-eabi-4_7-2013q1/bin/../lib/gcc/arm-none-eabi/4.7.3/../../../../arm-none-eabi/lib/armv7-m/libg.a(lib_a-vsnprintf.o)
 .debug_frame   0x00000e14       0x2c /home/heng/Software/GCC/gcc-arm-none-eabi-4_7-2013q1/bin/../lib/gcc/arm-none-eabi/4.7.3/../../../../arm-none-eabi/lib/armv7-m/libg.a(lib_a-wsetup.o)
 .debug_frame   0x00000e40       0x40 /home/heng/Software/GCC/gcc-arm-none-eabi-4_7-2013q1/bin/../lib/gcc/arm-none-eabi/4.7.3/../../../../arm-none-eabi/lib/armv7-m/libg.a(lib_a-fflush.o)
 .debug_frame   0x00000e80      0x120 /home/heng/Software/GCC/gcc-arm-none-eabi-4_7-2013q1/bin/../lib/gcc/arm-none-eabi/4.7.3/../../../../arm-none-eabi/lib/armv7-m/libg.a(lib_a-findfp.o)
 .debug_frame   0x00000fa0       0x50 /home/heng/Software/GCC/gcc-arm-none-eabi-4_7-2013q1/bin/../lib/gcc/arm-none-eabi/4.7.3/../../../../arm-none-eabi/lib/armv7-m/libg.a(lib_a-freer.o)
 .debug_frame   0x00000ff0       0x5c /home/heng/Software/GCC/gcc-arm-none-eabi-4_7-2013q1/bin/../lib/gcc/arm-none-eabi/4.7.3/../../../../arm-none-eabi/lib/armv7-m/libg.a(lib_a-fwalk.o)
 .debug_frame   0x0000104c       0x30 /home/heng/Software/GCC/gcc-arm-none-eabi-4_7-2013q1/bin/../lib/gcc/arm-none-eabi/4.7.3/../../../../arm-none-eabi/lib/armv7-m/libg.a(lib_a-makebuf.o)
 .debug_frame   0x0000107c       0x2c /home/heng/Software/GCC/gcc-arm-none-eabi-4_7-2013q1/bin/../lib/gcc/arm-none-eabi/4.7.3/../../../../arm-none-eabi/lib/armv7-m/libg.a(lib_a-memset.o)
 .debug_frame   0x000010a8       0x80 /home/heng/Software/GCC/gcc-arm-none-eabi-4_7-2013q1/bin/../lib/gcc/arm-none-eabi/4.7.3/../../../../arm-none-eabi/lib/armv7-m/libg.a(lib_a-stdio.o)
 .debug_frame   0x00001128       0x3c /home/heng/Software/GCC/gcc-arm-none-eabi-4_7-2013q1/bin/../lib/gcc/arm-none-eabi/4.7.3/../../../../arm-none-eabi/lib/armv7-m/libg.a(lib_a-svfprintf.o)
 .debug_frame   0x00001164       0x2c /home/heng/Software/GCC/gcc-arm-none-eabi-4_7-2013q1/bin/../lib/gcc/arm-none-eabi/4.7.3/../../../../arm-none-eabi/lib/armv7-m/libg.a(lib_a-writer.o)
 .debug_frame   0x00001190       0x2c /home/heng/Software/GCC/gcc-arm-none-eabi-4_7-2013q1/bin/../lib/gcc/arm-none-eabi/4.7.3/../../../../arm-none-eabi/lib/armv7-m/libg.a(lib_a-closer.o)
 .debug_frame   0x000011bc       0x64 /home/heng/Software/GCC/gcc-arm-none-eabi-4_7-2013q1/bin/../lib/gcc/arm-none-eabi/4.7.3/../../../../arm-none-eabi/lib/armv7-m/libg.a(lib_a-dtoa.o)
 .debug_frame   0x00001220       0x3c /home/heng/Software/GCC/gcc-arm-none-eabi-4_7-2013q1/bin/../lib/gcc/arm-none-eabi/4.7.3/../../../../arm-none-eabi/lib/armv7-m/libg.a(lib_a-fclose.o)
 .debug_frame   0x0000125c       0x2c /home/heng/Software/GCC/gcc-arm-none-eabi-4_7-2013q1/bin/../lib/gcc/arm-none-eabi/4.7.3/../../../../arm-none-eabi/lib/armv7-m/libg.a(lib_a-fstatr.o)
 .debug_frame   0x00001288       0x2c /home/heng/Software/GCC/gcc-arm-none-eabi-4_7-2013q1/bin/../lib/gcc/arm-none-eabi/4.7.3/../../../../arm-none-eabi/lib/armv7-m/libg.a(lib_a-isattyr.o)
 .debug_frame   0x000012b4       0xa0 /home/heng/Software/GCC/gcc-arm-none-eabi-4_7-2013q1/bin/../lib/gcc/arm-none-eabi/4.7.3/../../../../arm-none-eabi/lib/armv7-m/libg.a(lib_a-locale.o)
 .debug_frame   0x00001354       0x2c /home/heng/Software/GCC/gcc-arm-none-eabi-4_7-2013q1/bin/../lib/gcc/arm-none-eabi/4.7.3/../../../../arm-none-eabi/lib/armv7-m/libg.a(lib_a-lseekr.o)
 .debug_frame   0x00001380      0x238 /home/heng/Software/GCC/gcc-arm-none-eabi-4_7-2013q1/bin/../lib/gcc/arm-none-eabi/4.7.3/../../../../arm-none-eabi/lib/armv7-m/libg.a(lib_a-mprec.o)
 .debug_frame   0x000015b8       0x2c /home/heng/Software/GCC/gcc-arm-none-eabi-4_7-2013q1/bin/../lib/gcc/arm-none-eabi/4.7.3/../../../../arm-none-eabi/lib/armv7-m/libg.a(lib_a-readr.o)
 .debug_frame   0x000015e4       0x20 /home/heng/Software/GCC/gcc-arm-none-eabi-4_7-2013q1/bin/../lib/gcc/arm-none-eabi/4.7.3/../../../../arm-none-eabi/lib/armv7-m/libg.a(lib_a-s_fpclassify.o)
 .debug_frame   0x00001604       0x64 /home/heng/Software/GCC/gcc-arm-none-eabi-4_7-2013q1/bin/../lib/gcc/arm-none-eabi/4.7.3/../../../../arm-none-eabi/lib/armv7-m/libg.a(lib_a-svfiprintf.o)
 .debug_frame   0x00001668       0x28 /home/heng/Software/GCC/gcc-arm-none-eabi-4_7-2013q1/bin/../lib/gcc/arm-none-eabi/4.7.3/../../../../arm-none-eabi/lib/armv7-m/libg.a(lib_a-callocr.o)
 .debug_frame   0x00001690       0x50 /home/heng/Software/GCC/gcc-arm-none-eabi-4_7-2013q1/bin/../lib/gcc/arm-none-eabi/4.7.3/armv7-m/libgcc.a(bpabi.o)
 .debug_frame   0x000016e0       0x34 /home/heng/Software/GCC/gcc-arm-none-eabi-4_7-2013q1/bin/../lib/gcc/arm-none-eabi/4.7.3/armv7-m/libgcc.a(_divdi3.o)
 .debug_frame   0x00001714       0x34 /home/heng/Software/GCC/gcc-arm-none-eabi-4_7-2013q1/bin/../lib/gcc/arm-none-eabi/4.7.3/armv7-m/libgcc.a(_udivdi3.o)

.debug_str      0x00000000    0x560ca
 *(.debug_str)
 .debug_str     0x00000000    0x4e280 ./system/src/stm32f1-stdperiph/stm32f10x_gpio.o
                              0x4e3e7 (size before relaxing)
 .debug_str     0x0004e280      0xb4a ./system/src/stm32f1-stdperiph/stm32f10x_rcc.o
                              0x4e9b6 (size before relaxing)
 .debug_str     0x0004edca     0x2803 ./system/src/newlib/_exit.o
                               0x4e62 (size before relaxing)
 .debug_str     0x000515cd      0x4de ./system/src/newlib/_sbrk.o
                               0x4418 (size before relaxing)
 .debug_str     0x00051aab      0x260 ./system/src/newlib/_startup.o
                               0x3ea2 (size before relaxing)
 .debug_str     0x00051d0b      0xd97 ./system/src/newlib/_syscalls.o
                               0x5245 (size before relaxing)
 .debug_str     0x00052aa2       0xd0 ./system/src/newlib/assert.o
                               0x5825 (size before relaxing)
 .debug_str     0x00052b72     0x1782 ./system/src/diag/Trace.o
                               0x6549 (size before relaxing)
 .debug_str     0x000542f4      0x109 ./system/src/diag/trace_impl.o
                              0x4fa72 (size before relaxing)
 .debug_str     0x000543fd       0x4e ./system/src/cortexm/_initialize_hardware.o
                              0x4de32 (size before relaxing)
 .debug_str     0x0005444b       0xe8 ./system/src/cortexm/exception_handlers.o
                               0x24a4 (size before relaxing)
 .debug_str     0x00054533       0xfa ./system/src/cmsis/system_stm32f10x.o
                              0x4df7b (size before relaxing)
 .debug_str     0x0005462d       0x57 ./system/src/cmsis/vectors_stm32f10x.o
                               0x2441 (size before relaxing)
 .debug_str     0x00054684      0x72b ./src/BlinkLed.o
                              0x4e0ff (size before relaxing)
 .debug_str     0x00054daf      0x3c2 ./src/Timer.o
                              0x4e264 (size before relaxing)
 .debug_str     0x00055171       0x10 ./src/_write.o
                               0x51ea (size before relaxing)
 .debug_str     0x00055181      0xf49 ./src/main.o
                              0x5160a (size before relaxing)

.debug_loc      0x00000000     0x1c80
 *(.debug_loc)
 .debug_loc     0x00000000      0x696 ./system/src/stm32f1-stdperiph/stm32f10x_gpio.o
 .debug_loc     0x00000696      0x91a ./system/src/stm32f1-stdperiph/stm32f10x_rcc.o
 .debug_loc     0x00000fb0       0x5c ./system/src/newlib/_sbrk.o
 .debug_loc     0x0000100c      0x25a ./system/src/newlib/_startup.o
 .debug_loc     0x00001266      0x549 ./system/src/newlib/_syscalls.o
 .debug_loc     0x000017af       0xe1 ./system/src/newlib/assert.o
 .debug_loc     0x00001890       0xcd ./system/src/diag/Trace.o
 .debug_loc     0x0000195d       0x97 ./system/src/diag/trace_impl.o
 .debug_loc     0x000019f4       0xd9 ./system/src/cmsis/system_stm32f10x.o
 .debug_loc     0x00001acd       0x20 ./src/BlinkLed.o
 .debug_loc     0x00001aed       0x59 ./src/Timer.o
 .debug_loc     0x00001b46       0xad ./src/_write.o
 .debug_loc     0x00001bf3       0x8d ./src/main.o

.debug_macinfo
 *(.debug_macinfo)

.debug_weaknames
 *(.debug_weaknames)

.debug_funcnames
 *(.debug_funcnames)

.debug_typenames
 *(.debug_typenames)

.debug_varnames
 *(.debug_varnames)
OUTPUT(stm32-led.elf elf32-littlearm)

.debug_ranges   0x00000000      0x430
 .debug_ranges  0x00000000       0x98 ./system/src/stm32f1-stdperiph/stm32f10x_gpio.o
 .debug_ranges  0x00000098      0x108 ./system/src/stm32f1-stdperiph/stm32f10x_rcc.o
 .debug_ranges  0x000001a0       0x18 ./system/src/newlib/_exit.o
 .debug_ranges  0x000001b8       0x10 ./system/src/newlib/_sbrk.o
 .debug_ranges  0x000001c8       0x48 ./system/src/newlib/_startup.o
 .debug_ranges  0x00000210       0xc0 ./system/src/newlib/_syscalls.o
 .debug_ranges  0x000002d0       0x18 ./system/src/newlib/assert.o
 .debug_ranges  0x000002e8       0x28 ./system/src/diag/Trace.o
 .debug_ranges  0x00000310       0x20 ./system/src/diag/trace_impl.o
 .debug_ranges  0x00000330       0x18 ./system/src/cortexm/_initialize_hardware.o
 .debug_ranges  0x00000348       0x58 ./system/src/cortexm/exception_handlers.o
 .debug_ranges  0x000003a0       0x28 ./system/src/cmsis/system_stm32f10x.o
 .debug_ranges  0x000003c8       0x10 ./system/src/cmsis/vectors_stm32f10x.o
 .debug_ranges  0x000003d8       0x10 ./src/BlinkLed.o
 .debug_ranges  0x000003e8       0x28 ./src/Timer.o
 .debug_ranges  0x00000410       0x10 ./src/_write.o
 .debug_ranges  0x00000420       0x10 ./src/main.o

.debug_macro    0x00000000     0x51c1
 .debug_macro   0x00000000      0x1c8 ./system/src/stm32f1-stdperiph/stm32f10x_gpio.o
 .debug_macro   0x000001c8       0x8b ./system/src/stm32f1-stdperiph/stm32f10x_gpio.o
 .debug_macro   0x00000253      0x2a6 ./system/src/stm32f1-stdperiph/stm32f10x_gpio.o
 .debug_macro   0x000004f9      0x296 ./system/src/stm32f1-stdperiph/stm32f10x_rcc.o
 .debug_macro   0x0000078f      0x3dc ./system/src/stm32f1-stdperiph/stm32f10x_rcc.o
 .debug_macro   0x00000b6b      0x11b ./system/src/newlib/_exit.o
 .debug_macro   0x00000c86       0x58 ./system/src/newlib/_exit.o
 .debug_macro   0x00000cde       0x35 ./system/src/newlib/_exit.o
 .debug_macro   0x00000d13       0xa3 ./system/src/newlib/_exit.o
 .debug_macro   0x00000db6       0x16 ./system/src/newlib/_exit.o
 .debug_macro   0x00000dcc      0x10e ./system/src/newlib/_exit.o
 .debug_macro   0x00000eda       0x86 ./system/src/newlib/_exit.o
 .debug_macro   0x00000f60       0x4a ./system/src/newlib/_exit.o
 .debug_macro   0x00000faa       0x52 ./system/src/newlib/_exit.o
 .debug_macro   0x00000ffc       0x16 ./system/src/newlib/_exit.o
 .debug_macro   0x00001012       0x43 ./system/src/newlib/_exit.o
 .debug_macro   0x00001055      0x180 ./system/src/newlib/_exit.o
 .debug_macro   0x000011d5       0x16 ./system/src/newlib/_exit.o
 .debug_macro   0x000011eb       0x29 ./system/src/newlib/_exit.o
 .debug_macro   0x00001214       0x10 ./system/src/newlib/_exit.o
 .debug_macro   0x00001224       0x22 ./system/src/newlib/_exit.o
 .debug_macro   0x00001246       0xbd ./system/src/newlib/_exit.o
 .debug_macro   0x00001303       0x10 ./system/src/newlib/_exit.o
 .debug_macro   0x00001313       0x35 ./system/src/newlib/_exit.o
 .debug_macro   0x00001348      0x48e ./system/src/newlib/_exit.o
 .debug_macro   0x000017d6       0xd1 ./system/src/newlib/_sbrk.o
 .debug_macro   0x000018a7       0x19 ./system/src/newlib/_sbrk.o
 .debug_macro   0x000018c0      0x16d ./system/src/newlib/_sbrk.o
 .debug_macro   0x00001a2d       0x10 ./system/src/newlib/_sbrk.o
 .debug_macro   0x00001a3d      0x23b ./system/src/newlib/_sbrk.o
 .debug_macro   0x00001c78       0xe7 ./system/src/newlib/_startup.o
 .debug_macro   0x00001d5f      0x145 ./system/src/newlib/_syscalls.o
 .debug_macro   0x00001ea4       0x1c ./system/src/newlib/_syscalls.o
 .debug_macro   0x00001ec0       0x10 ./system/src/newlib/_syscalls.o
 .debug_macro   0x00001ed0       0x10 ./system/src/newlib/_syscalls.o
 .debug_macro   0x00001ee0       0x10 ./system/src/newlib/_syscalls.o
 .debug_macro   0x00001ef0       0x35 ./system/src/newlib/_syscalls.o
 .debug_macro   0x00001f25      0x120 ./system/src/newlib/_syscalls.o
 .debug_macro   0x00002045       0x22 ./system/src/newlib/_syscalls.o
 .debug_macro   0x00002067      0x10c ./system/src/newlib/_syscalls.o
 .debug_macro   0x00002173      0x13a ./system/src/newlib/_syscalls.o
 .debug_macro   0x000022ad       0x16 ./system/src/newlib/_syscalls.o
 .debug_macro   0x000022c3      0x137 ./system/src/newlib/assert.o
 .debug_macro   0x000023fa       0x1c ./system/src/newlib/assert.o
 .debug_macro   0x00002416      0x20f ./system/src/newlib/assert.o
 .debug_macro   0x00002625      0x15a ./system/src/diag/Trace.o
 .debug_macro   0x0000277f       0x16 ./system/src/diag/Trace.o
 .debug_macro   0x00002795       0x97 ./system/src/diag/Trace.o
 .debug_macro   0x0000282c       0x10 ./system/src/diag/Trace.o
 .debug_macro   0x0000283c       0xf6 ./system/src/diag/Trace.o
 .debug_macro   0x00002932       0x16 ./system/src/diag/Trace.o
 .debug_macro   0x00002948      0x16c ./system/src/diag/Trace.o
 .debug_macro   0x00002ab4       0x52 ./system/src/diag/Trace.o
 .debug_macro   0x00002b06       0x16 ./system/src/diag/Trace.o
 .debug_macro   0x00002b1c      0x280 ./system/src/diag/Trace.o
 .debug_macro   0x00002d9c       0x10 ./system/src/diag/Trace.o
 .debug_macro   0x00002dac       0x1f ./system/src/diag/Trace.o
 .debug_macro   0x00002dcb      0x234 ./system/src/diag/trace_impl.o
 .debug_macro   0x00002fff      0x17a ./system/src/cortexm/_initialize_hardware.o
 .debug_macro   0x00003179       0x1b ./system/src/cortexm/exception_handlers.o
 .debug_macro   0x00003194      0x17d ./system/src/cmsis/system_stm32f10x.o
 .debug_macro   0x00003311       0x1b ./system/src/cmsis/vectors_stm32f10x.o
 .debug_macro   0x0000332c      0x1a1 ./src/BlinkLed.o
 .debug_macro   0x000034cd      0x832 ./src/BlinkLed.o
 .debug_macro   0x00003cff       0x3a ./src/BlinkLed.o
 .debug_macro   0x00003d39       0x10 ./src/BlinkLed.o
 .debug_macro   0x00003d49       0x2e ./src/BlinkLed.o
 .debug_macro   0x00003d77       0xa3 ./src/BlinkLed.o
 .debug_macro   0x00003e1a      0x20e ./src/BlinkLed.o
 .debug_macro   0x00004028       0x28 ./src/BlinkLed.o
 .debug_macro   0x00004050      0x194 ./src/Timer.o
 .debug_macro   0x000041e4       0xfb ./src/_write.o
 .debug_macro   0x000042df      0x283 ./src/main.o
 .debug_macro   0x00004562       0x10 ./src/main.o
 .debug_macro   0x00004572       0x89 ./src/main.o
 .debug_macro   0x000045fb       0x3a ./src/main.o
 .debug_macro   0x00004635       0x19 ./src/main.o
 .debug_macro   0x0000464e      0x16d ./src/main.o
 .debug_macro   0x000047bb       0xfc ./src/main.o
 .debug_macro   0x000048b7       0x91 ./src/main.o
 .debug_macro   0x00004948      0x16d ./src/main.o
 .debug_macro   0x00004ab5       0x35 ./src/main.o
 .debug_macro   0x00004aea      0x495 ./src/main.o
 .debug_macro   0x00004f7f      0x214 ./src/main.o
 .debug_macro   0x00005193       0x2e ./src/main.o
